Archive member included to satisfy reference by file (symbol)

../app/libapp.a(ic_version.cpp.obj)
                              (--whole-archive)
../app/libapp.a(main.cpp.obj)
                              (--whole-archive)
../app/libapp.a(tc_msg_manager.cpp.obj)
                              (--whole-archive)
libzephyr.a(isr_tables.c.obj)
                              (--whole-archive)
libzephyr.a(sw_isr_common.c.obj)
                              (--whole-archive)
libzephyr.a(crc32_sw.c.obj)   (--whole-archive)
libzephyr.a(crc16_sw.c.obj)   (--whole-archive)
libzephyr.a(crc8_sw.c.obj)    (--whole-archive)
libzephyr.a(crc7_sw.c.obj)    (--whole-archive)
libzephyr.a(fdtable.c.obj)    (--whole-archive)
libzephyr.a(mempool.c.obj)    (--whole-archive)
libzephyr.a(rb.c.obj)         (--whole-archive)
libzephyr.a(thread_entry.c.obj)
                              (--whole-archive)
libzephyr.a(work_q.c.obj)     (--whole-archive)
libzephyr.a(printk.c.obj)     (--whole-archive)
libzephyr.a(configs.c.obj)    (--whole-archive)
libzephyr.a(power.c.obj)      (--whole-archive)
libzephyr.a(soc.c.obj)        (--whole-archive)
libzephyr.a(mpu_regions.c.obj)
                              (--whole-archive)
libzephyr.a(system_nrf52840.c.obj)
                              (--whole-archive)
libzephyr.a(nrfx_glue.c.obj)  (--whole-archive)
libzephyr.a(sys_log.c.obj)    (--whole-archive)
libzephyr.a(cpp_virtual.c.obj)
                              (--whole-archive)
libzephyr.a(cpp_vtable.cpp.obj)
                              (--whole-archive)
libzephyr.a(cpp_init_array.c.obj)
                              (--whole-archive)
libzephyr.a(cpp_ctors.c.obj)  (--whole-archive)
libzephyr.a(cpp_dtors.c.obj)  (--whole-archive)
libzephyr.a(cpp_new.cpp.obj)  (--whole-archive)
libzephyr.a(rand32_entropy_device.c.obj)
                              (--whole-archive)
libzephyr.a(uart_console.c.obj)
                              (--whole-archive)
libzephyr.a(nrf_power_clock.c.obj)
                              (--whole-archive)
libzephyr.a(sys_clock_init.c.obj)
                              (--whole-archive)
libzephyr.a(nrf_rtc_timer.c.obj)
                              (--whole-archive)
arch/arm/core/libarch__arm__core.a(exc_exit.S.obj)
                              (--whole-archive)
arch/arm/core/libarch__arm__core.a(irq_init.c.obj)
                              (--whole-archive)
arch/arm/core/libarch__arm__core.a(swap.c.obj)
                              (--whole-archive)
arch/arm/core/libarch__arm__core.a(swap_helper.S.obj)
                              (--whole-archive)
arch/arm/core/libarch__arm__core.a(fault.c.obj)
                              (--whole-archive)
arch/arm/core/libarch__arm__core.a(irq_manage.c.obj)
                              (--whole-archive)
arch/arm/core/libarch__arm__core.a(thread.c.obj)
                              (--whole-archive)
arch/arm/core/libarch__arm__core.a(cpu_idle.S.obj)
                              (--whole-archive)
arch/arm/core/libarch__arm__core.a(fault_s.S.obj)
                              (--whole-archive)
arch/arm/core/libarch__arm__core.a(fatal.c.obj)
                              (--whole-archive)
arch/arm/core/libarch__arm__core.a(sys_fatal_error_handler.c.obj)
                              (--whole-archive)
arch/arm/core/libarch__arm__core.a(thread_abort.c.obj)
                              (--whole-archive)
arch/arm/core/libarch__arm__core.a(isr_wrapper.S.obj)
                              (--whole-archive)
arch/arm/core/libarch__arm__core.a(__aeabi_atexit.c.obj)
                              (--whole-archive)
arch/arm/core/cortex_m/libarch__arm__core__cortex_m.a(vector_table.S.obj)
                              (--whole-archive)
arch/arm/core/cortex_m/libarch__arm__core__cortex_m.a(reset.S.obj)
                              (--whole-archive)
arch/arm/core/cortex_m/libarch__arm__core__cortex_m.a(nmi_on_reset.S.obj)
                              (--whole-archive)
arch/arm/core/cortex_m/libarch__arm__core__cortex_m.a(prep_c.c.obj)
                              (--whole-archive)
arch/arm/core/cortex_m/libarch__arm__core__cortex_m.a(scb.c.obj)
                              (--whole-archive)
arch/arm/core/cortex_m/libarch__arm__core__cortex_m.a(nmi.c.obj)
                              (--whole-archive)
arch/arm/core/cortex_m/libarch__arm__core__cortex_m.a(exc_manage.c.obj)
                              (--whole-archive)
arch/arm/core/cortex_m/mpu/libarch__arm__core__cortex_m__mpu.a(arm_core_mpu.c.obj)
                              (--whole-archive)
arch/arm/core/cortex_m/mpu/libarch__arm__core__cortex_m__mpu.a(arm_mpu.c.obj)
                              (--whole-archive)
lib/libc/minimal/liblib__libc__minimal.a(atoi.c.obj)
                              (--whole-archive)
lib/libc/minimal/liblib__libc__minimal.a(strtol.c.obj)
                              (--whole-archive)
lib/libc/minimal/liblib__libc__minimal.a(strtoul.c.obj)
                              (--whole-archive)
[...]
Memory Configuration

Name             Origin             Length             Attributes
FLASH            0x0000000000000000 0x0000000000100000 xr
SRAM             0x0000000020000000 0x0000000000040000 xw
IDT_LIST         0x0000000020040000 0x0000000000000800 xw
*default*        0x0000000000000000 0xffffffffffffffff

Linker script and memory map

LOAD CMakeFiles/kernel_elf.dir/misc/empty_file.c.obj
LOAD CMakeFiles/kernel_elf.dir/isr_tables.c.obj
LOAD ../app/libapp.a
LOAD libzephyr.a
LOAD arch/arm/core/libarch__arm__core.a
LOAD arch/arm/core/cortex_m/libarch__arm__core__cortex_m.a
LOAD arch/arm/core/cortex_m/mpu/libarch__arm__core__cortex_m__mpu.a
LOAD lib/libc/minimal/liblib__libc__minimal.a
LOAD subsys/bluetooth/common/libsubsys__bluetooth__common.a
LOAD subsys/bluetooth/host/libsubsys__bluetooth__host.a
LOAD subsys/bluetooth/controller/libsubsys__bluetooth__controller.a
LOAD subsys/net/libsubsys__net.a
LOAD drivers/serial/libdrivers__serial.a
LOAD drivers/entropy/libdrivers__entropy.a
LOAD kernel/libkernel.a
LOAD CMakeFiles/offsets.dir/arch/arm/core/offsets/offsets.c.obj
LOAD /home/lucas/Zephyr/zephyr-sdk/sysroots/armv5-zephyr-eabi/usr/lib/arm-zephyr-eabi/6.2.0/armv7e-m/libgcc.a
                0x0000000000000020                _region_min_align = 0x20

.rel.plt        0x0000000000000000        0x0
 *(.rel.plt)
                [!provide]                        PROVIDE (__rel_iplt_start, .)
 *(.rel.iplt)
 .rel.iplt      0x0000000000000000        0x0 CMakeFiles/kernel_elf.dir/isr_tables.c.obj
                [!provide]                        PROVIDE (__rel_iplt_end, .)

.rela.plt       0x0000000000000000        0x0
 *(.rela.plt)
                [!provide]                        PROVIDE (__rela_iplt_start, .)
 *(.rela.iplt)
                [!provide]                        PROVIDE (__rela_iplt_end, .)

.rel.dyn
 *(.rel.*)

.rela.dyn
 *(.rela.*)

/DISCARD/
 *(.plt)
 *(.iplt)
 *(.got.plt)
 *(.igot.plt)
 *(.got)
 *(.igot)
 *(.irq_info)
 *(.intList)
                0x0000000000000000                _image_rom_start = 0x0

text            0x0000000000000000      0x100
                0x0000000000000000                . = 0x0
                0x0000000000000000                _vector_start = .
 *(.exc_vector_table)
 *(.exc_vector_table.*)
 .exc_vector_table._vector_table_section
                0x0000000000000000       0x40 arch/arm/core/cortex_m/libarch__arm__core__cortex_m.a(vector_table.S.obj)
                0x0000000000000000                _vector_table
 *(.gnu.linkonce.irq_vector_table)
 .gnu.linkonce.irq_vector_table
                0x0000000000000040       0xc0 CMakeFiles/kernel_elf.dir/isr_tables.c.obj
                0x0000000000000040                _irq_vector_table
 *(.vectors)
 *(.openocd_dbg)
 *(.openocd_dbg.*)
 *(.kinetis_flash_config)
 *(.kinetis_flash_config.*)
                0x0000000000000100                _vector_end = .

_TEXT_SECTION_NAME_2
                0x0000000000000100     0x81c8
                0x0000000000000100                _image_text_start = .
 *(.text)
 .text          0x0000000000000100       0x18 /home/lucas/Zephyr/zephyr-sdk/sysroots/armv5-zephyr-eabi/usr/lib/arm-zephyr-eabi/6.2.0/armv7e-m/libgcc.a(_lshrdi3.o)
                0x0000000000000100                __aeabi_llsr
                0x0000000000000100                __lshrdi3
 .text          0x0000000000000118       0xa0 /home/lucas/Zephyr/zephyr-sdk/sysroots/armv5-zephyr-eabi/usr/lib/arm-zephyr-eabi/6.2.0/armv7e-m/libgcc.a(_aeabi_ldivmod.o)
                0x0000000000000118                __aeabi_ldivmod
 .text          0x00000000000001b8       0x30 /home/lucas/Zephyr/zephyr-sdk/sysroots/armv5-zephyr-eabi/usr/lib/arm-zephyr-eabi/6.2.0/armv7e-m/libgcc.a(_aeabi_uldivmod.o)
                0x00000000000001b8                __aeabi_uldivmod
 .text          0x00000000000001e8      0x2dc /home/lucas/Zephyr/zephyr-sdk/sysroots/armv5-zephyr-eabi/usr/lib/arm-zephyr-eabi/6.2.0/armv7e-m/libgcc.a(_udivmoddi4.o)
                0x00000000000001e8                __udivmoddi4
 .text          0x00000000000004c4        0x4 /home/lucas/Zephyr/zephyr-sdk/sysroots/armv5-zephyr-eabi/usr/lib/arm-zephyr-eabi/6.2.0/armv7e-m/libgcc.a(_dvmd_tls.o)
                0x00000000000004c4                __aeabi_ldiv0
                0x00000000000004c4                __aeabi_idiv0
 *(.text.*)
 .text._Z17version_get_majorv
                0x00000000000004c8        0x4 ../app/libapp.a(ic_version.cpp.obj)
                0x00000000000004c8                version_get_major()
 .text._Z17version_get_minorv
                0x00000000000004cc        0x4 ../app/libapp.a(ic_version.cpp.obj)
                0x00000000000004cc                version_get_minor()
 .text._Z17version_get_buildv
                0x00000000000004d0        0x4 ../app/libapp.a(ic_version.cpp.obj)
                0x00000000000004d0                version_get_build()
 .text.main     0x00000000000004d4       0x70 ../app/libapp.a(main.cpp.obj)
                0x00000000000004d4                main
 .text._ZN10MsgManager12handlePrefixEPKhS1_
                0x0000000000000544       0x28 ../app/libapp.a(tc_msg_manager.cpp.obj)
                0x0000000000000544                MsgManager::handlePrefix(unsigned char const*, unsigned char const*)
 .text.get_bit_ptr
                0x000000000000056c       0x2a libzephyr.a(mempool.c.obj)
 .text.set_free_bit
                0x0000000000000596       0x1c libzephyr.a(mempool.c.obj)
 .text.clear_free_bit
                0x00000000000005b2       0x1e libzephyr.a(mempool.c.obj)
 .text._sys_mem_pool_base_init
                0x00000000000005d0       0x9a libzephyr.a(mempool.c.obj)
                0x00000000000005d0                _sys_mem_pool_base_init
 .text._sys_mem_pool_block_alloc
                0x000000000000066a      0x1c0 libzephyr.a(mempool.c.obj)
                0x000000000000066a                _sys_mem_pool_block_alloc
 .text._sys_mem_pool_block_free
                0x000000000000082a      0x162 libzephyr.a(mempool.c.obj)
                0x000000000000082a                _sys_mem_pool_block_free
 .text._thread_entry
                0x000000000000098c       0x14 libzephyr.a(thread_entry.c.obj)
                0x000000000000098c                _thread_entry
 .text.z_work_q_main
                0x00000000000009a0       0x3e libzephyr.a(work_q.c.obj)
                0x00000000000009a0                z_work_q_main
 .text.z_arch_printk_char_out
                0x00000000000009de        0x4 libzephyr.a(printk.c.obj)
                0x00000000000009de                z_arch_printk_char_out
 .text.print_err
                0x00000000000009e2       0x1c libzephyr.a(printk.c.obj)
 *fill*         0x00000000000009fe        0x2 
 .text.char_out
                0x0000000000000a00       0x10 libzephyr.a(printk.c.obj)
 .text._printk_dec_ulong
                0x0000000000000a10       0xa0 libzephyr.a(printk.c.obj)
 .text.str_out  0x0000000000000ab0       0x2a libzephyr.a(printk.c.obj)
 *fill*         0x0000000000000ada        0x2 
 .text.__printk_hook_install
                0x0000000000000adc        0xc libzephyr.a(printk.c.obj)
                0x0000000000000adc                __printk_hook_install
 .text._vprintk
                0x0000000000000ae8      0x29c libzephyr.a(printk.c.obj)
                0x0000000000000ae8                _vprintk
 .text.vprintk  0x0000000000000d84       0x20 libzephyr.a(printk.c.obj)
                0x0000000000000d84                vprintk
 .text.printk   0x0000000000000da4       0x1a libzephyr.a(printk.c.obj)
                0x0000000000000da4                printk
 *fill*         0x0000000000000dbe        0x2 
 .text.snprintk
                0x0000000000000dc0       0x38 libzephyr.a(printk.c.obj)
                0x0000000000000dc0                snprintk
 .text._ConfigAbsSyms
                0x0000000000000df8        0x2 libzephyr.a(configs.c.obj)
                0x0000000000000df8                _ConfigAbsSyms
 *fill*         0x0000000000000dfa        0x2 
 .text.nordicsemi_nrf52_init
                0x0000000000000dfc       0x3c libzephyr.a(soc.c.obj)
 .text.errata_120
                0x0000000000000e38       0x20 libzephyr.a(system_nrf52840.c.obj)
 .text.SystemInit
                0x0000000000000e58      0x1a4 libzephyr.a(system_nrf52840.c.obj)
                0x0000000000000e58                SystemInit
 .text.__do_init_array_aux
                0x0000000000000ffc       0x1c libzephyr.a(cpp_init_array.c.obj)
                0x0000000000000ffc                __do_init_array_aux
 .text.__do_global_ctors_aux
                0x0000000000001018       0x20 libzephyr.a(cpp_ctors.c.obj)
                0x0000000000001018                __do_global_ctors_aux
 .text.sys_rand32_get
                0x0000000000001038       0x50 libzephyr.a(rand32_entropy_device.c.obj)
                0x0000000000001038                sys_rand32_get
 .text.console_out
                0x0000000000001088       0x28 libzephyr.a(uart_console.c.obj)
 .text.uart_console_hook_install
                0x00000000000010b0        0xc libzephyr.a(uart_console.c.obj)
                0x00000000000010b0                uart_console_hook_install
 .text.uart_console_init
                0x00000000000010bc       0x1c libzephyr.a(uart_console.c.obj)
 .text._m16src_stop
                0x00000000000010d8       0x60 libzephyr.a(nrf_power_clock.c.obj)
 .text._clock_control_init
                0x0000000000001138       0x16 libzephyr.a(nrf_power_clock.c.obj)
 *fill*         0x000000000000114e        0x2 
 .text._m16src_start
                0x0000000000001150       0xb4 libzephyr.a(nrf_power_clock.c.obj)
 .text._power_clock_isr
                0x0000000000001204       0xe8 libzephyr.a(nrf_power_clock.c.obj)
 .text._k32src_start
                0x00000000000012ec       0xa4 libzephyr.a(nrf_power_clock.c.obj)
 .text.z_clock_idle_exit
                0x0000000000001390        0x2 libzephyr.a(sys_clock_init.c.obj)
                0x0000000000001390                z_clock_idle_exit
 *fill*         0x0000000000001392        0x2 
 .text.rtc1_nrf_isr
                0x0000000000001394       0x44 libzephyr.a(nrf_rtc_timer.c.obj)
                0x0000000000001394                rtc1_nrf_isr
 .text.z_clock_driver_init
                0x00000000000013d8       0x8c libzephyr.a(nrf_rtc_timer.c.obj)
                0x00000000000013d8                z_clock_driver_init
 .text.z_clock_set_timeout
                0x0000000000001464       0x88 libzephyr.a(nrf_rtc_timer.c.obj)
                0x0000000000001464                z_clock_set_timeout
 .text.z_clock_elapsed
                0x00000000000014ec       0x34 libzephyr.a(nrf_rtc_timer.c.obj)
                0x00000000000014ec                z_clock_elapsed
 .text._timer_cycle_get_32
                0x0000000000001520       0x2c libzephyr.a(nrf_rtc_timer.c.obj)
                0x0000000000001520                _timer_cycle_get_32
 .text._HandlerModeExit
                0x000000000000154c       0x1c arch/arm/core/libarch__arm__core.a(exc_exit.S.obj)
                0x000000000000154c                _ExcExit
                0x000000000000154c                _IntExit
 .text._IntLibInit
                0x0000000000001568       0x18 arch/arm/core/libarch__arm__core.a(irq_init.c.obj)
                0x0000000000001568                _IntLibInit
 .text.__swap   0x0000000000001580       0x30 arch/arm/core/libarch__arm__core.a(swap.c.obj)
                0x0000000000001580                __swap
 .text.__pendsv
                0x00000000000015b0       0x44 arch/arm/core/libarch__arm__core.a(swap_helper.S.obj)
                0x00000000000015b0                __pendsv
 .text.__svc    0x00000000000015f4       0x24 arch/arm/core/libarch__arm__core.a(swap_helper.S.obj)
                0x00000000000015f4                __svc
 .text._MpuFault.isra.2
                0x0000000000001618       0x88 arch/arm/core/libarch__arm__core.a(fault.c.obj)
 .text._BusFault.isra.3
                0x00000000000016a0       0x94 arch/arm/core/libarch__arm__core.a(fault.c.obj)
 .text._UsageFault.isra.5
                0x0000000000001734       0x88 arch/arm/core/libarch__arm__core.a(fault.c.obj)
 .text._Fault   0x00000000000017bc       0xcc arch/arm/core/libarch__arm__core.a(fault.c.obj)
                0x00000000000017bc                _Fault
 .text._FaultInit
                0x0000000000001888       0x10 arch/arm/core/libarch__arm__core.a(fault.c.obj)
                0x0000000000001888                _FaultInit
 .text._arch_irq_enable
                0x0000000000001898       0x20 arch/arm/core/libarch__arm__core.a(irq_manage.c.obj)
                0x0000000000001898                _arch_irq_enable
 .text._arch_irq_disable
                0x00000000000018b8       0x28 arch/arm/core/libarch__arm__core.a(irq_manage.c.obj)
                0x00000000000018b8                _arch_irq_disable
 .text._arch_irq_is_enabled
                0x00000000000018e0       0x1c arch/arm/core/libarch__arm__core.a(irq_manage.c.obj)
                0x00000000000018e0                _arch_irq_is_enabled
 .text._irq_priority_set
                0x00000000000018fc       0x30 arch/arm/core/libarch__arm__core.a(irq_manage.c.obj)
                0x00000000000018fc                _irq_priority_set
 .text._irq_spurious
                0x000000000000192c        0x4 arch/arm/core/libarch__arm__core.a(irq_manage.c.obj)
                0x000000000000192c                _irq_spurious
 .text._arch_isr_direct_pm
                0x0000000000001930       0x1c arch/arm/core/libarch__arm__core.a(irq_manage.c.obj)
                0x0000000000001930                _arch_isr_direct_pm
 .text._arch_isr_direct_header
                0x000000000000194c        0x2 arch/arm/core/libarch__arm__core.a(irq_manage.c.obj)
                0x000000000000194c                _arch_isr_direct_header
 *fill*         0x000000000000194e        0x2 
 .text._new_thread
                0x0000000000001950       0x50 arch/arm/core/libarch__arm__core.a(thread.c.obj)
                0x0000000000001950                _new_thread
 .text._CpuIdleInit
                0x00000000000019a0        0xc arch/arm/core/libarch__arm__core.a(cpu_idle.S.obj)
                0x00000000000019a0                _CpuIdleInit
 .text.k_cpu_idle
                0x00000000000019ac        0xc arch/arm/core/libarch__arm__core.a(cpu_idle.S.obj)
                0x00000000000019ac                k_cpu_idle
 .text.__fault  0x00000000000019b8       0x28 arch/arm/core/libarch__arm__core.a(fault_s.S.obj)
                0x00000000000019b8                __usage_fault
                0x00000000000019b8                __reserved
                0x00000000000019b8                __bus_fault
                0x00000000000019b8                __debug_monitor
                0x00000000000019b8                __mpu_fault
                0x00000000000019b8                __hard_fault
 .text._NanoFatalErrorHandler
                0x00000000000019e0       0x64 arch/arm/core/libarch__arm__core.a(fatal.c.obj)
                0x00000000000019e0                _NanoFatalErrorHandler
 .text._do_kernel_oops
                0x0000000000001a44        0x8 arch/arm/core/libarch__arm__core.a(fatal.c.obj)
                0x0000000000001a44                _do_kernel_oops
 .text._SysFatalErrorHandler
                0x0000000000001a4c       0x58 arch/arm/core/libarch__arm__core.a(sys_fatal_error_handler.c.obj)
                0x0000000000001a4c                _SysFatalErrorHandler
 .text._impl_k_thread_abort
                0x0000000000001aa4       0x48 arch/arm/core/libarch__arm__core.a(thread_abort.c.obj)
                0x0000000000001aa4                _impl_k_thread_abort
 .text._isr_wrapper
                0x0000000000001aec       0x40 arch/arm/core/libarch__arm__core.a(isr_wrapper.S.obj)
                0x0000000000001aec                _isr_wrapper
 .text._reset_section
                0x0000000000001b2c       0x24 arch/arm/core/cortex_m/libarch__arm__core__cortex_m.a(reset.S.obj)
                0x0000000000001b2c                __reset
                0x0000000000001b2c                __start
 .text._SysNmiOnReset
                0x0000000000001b50        0x8 arch/arm/core/cortex_m/libarch__arm__core__cortex_m.a(nmi_on_reset.S.obj)
                0x0000000000001b50                _SysNmiOnReset
 .text._PrepC   0x0000000000001b58       0x2c arch/arm/core/cortex_m/libarch__arm__core__cortex_m.a(prep_c.c.obj)
                0x0000000000001b58                _PrepC
 .text.__nmi    0x0000000000001b84        0xe arch/arm/core/cortex_m/libarch__arm__core__cortex_m.a(nmi.c.obj)
                0x0000000000001b84                __nmi
 *fill*         0x0000000000001b92        0x2 
 .text.arm_core_mpu_enable
                0x0000000000001b94       0x14 arch/arm/core/cortex_m/mpu/libarch__arm__core__cortex_m__mpu.a(arm_mpu.c.obj)
                0x0000000000001b94                arm_core_mpu_enable
 .text.arm_core_mpu_disable
                0x0000000000001ba8       0x10 arch/arm/core/cortex_m/mpu/libarch__arm__core__cortex_m__mpu.a(arm_mpu.c.obj)
                0x0000000000001ba8                arm_core_mpu_disable
 .text.arm_mpu_init
                0x0000000000001bb8       0x54 arch/arm/core/cortex_m/mpu/libarch__arm__core__cortex_m__mpu.a(arm_mpu.c.obj)
 .text.strstr   0x0000000000001c0c       0x36 lib/libc/minimal/liblib__libc__minimal.a(strstr.c.obj)
                0x0000000000001c0c                strstr
 .text.strcpy   0x0000000000001c42       0x14 lib/libc/minimal/liblib__libc__minimal.a(string.c.obj)
                0x0000000000001c42                strcpy
 .text.strlen   0x0000000000001c56       0x10 lib/libc/minimal/liblib__libc__minimal.a(string.c.obj)
                0x0000000000001c56                strlen
 .text.strcmp   0x0000000000001c66       0x1a lib/libc/minimal/liblib__libc__minimal.a(string.c.obj)
                0x0000000000001c66                strcmp
 .text.strncmp  0x0000000000001c80       0x22 lib/libc/minimal/liblib__libc__minimal.a(string.c.obj)
                0x0000000000001c80                strncmp
 .text.memcmp   0x0000000000001ca2       0x2a lib/libc/minimal/liblib__libc__minimal.a(string.c.obj)
                0x0000000000001ca2                memcmp
 .text.memcpy   0x0000000000001ccc       0x58 lib/libc/minimal/liblib__libc__minimal.a(string.c.obj)
                0x0000000000001ccc                memcpy
 .text.memset   0x0000000000001d24       0x46 lib/libc/minimal/liblib__libc__minimal.a(string.c.obj)
                0x0000000000001d24                memset
 .text.atomic_or
                0x0000000000001d6a       0x22 subsys/bluetooth/host/libsubsys__bluetooth__host.a(hci_core.c.obj)
 .text.hci_cmd_done.isra.7
                0x0000000000001d8c       0x50 subsys/bluetooth/host/libsubsys__bluetooth__host.a(hci_core.c.obj)
 .text.id_find  0x0000000000001ddc       0x34 subsys/bluetooth/host/libsubsys__bluetooth__host.a(hci_core.c.obj)
 .text.atomic_test_bit.constprop.22
                0x0000000000001e10       0x24 subsys/bluetooth/host/libsubsys__bluetooth__host.a(hci_core.c.obj)
 .text.bt_hci_cmd_create
                0x0000000000001e34       0x60 subsys/bluetooth/host/libsubsys__bluetooth__host.a(hci_core.c.obj)
                0x0000000000001e34                bt_hci_cmd_create
 .text.bt_hci_cmd_send_sync
                0x0000000000001e94       0x7c subsys/bluetooth/host/libsubsys__bluetooth__host.a(hci_core.c.obj)
                0x0000000000001e94                bt_hci_cmd_send_sync
 .text.set_random_address
                0x0000000000001f10       0x5c subsys/bluetooth/host/libsubsys__bluetooth__host.a(hci_core.c.obj)
 .text.bt_addr_le_create_static
                0x0000000000001f6c       0x1c subsys/bluetooth/host/libsubsys__bluetooth__host.a(hci_core.c.obj)
                0x0000000000001f6c                bt_addr_le_create_static
 .text.id_create.isra.12
                0x0000000000001f88       0x64 subsys/bluetooth/host/libsubsys__bluetooth__host.a(hci_core.c.obj)
 .text.bt_recv  0x0000000000001fec       0x4e subsys/bluetooth/host/libsubsys__bluetooth__host.a(hci_core.c.obj)
                0x0000000000001fec                bt_recv
 *fill*         0x000000000000203a        0x2 
 .text.bt_recv_prio
                0x000000000000203c       0x8c subsys/bluetooth/host/libsubsys__bluetooth__host.a(hci_core.c.obj)
                0x000000000000203c                bt_recv_prio
 .text.bt_hci_driver_register
                0x00000000000020c8       0x28 subsys/bluetooth/host/libsubsys__bluetooth__host.a(hci_core.c.obj)
                0x00000000000020c8                bt_hci_driver_register
 .text.bt_id_create
                0x00000000000020f0       0x80 subsys/bluetooth/host/libsubsys__bluetooth__host.a(hci_core.c.obj)
                0x00000000000020f0                bt_id_create
 .text.bt_setup_id_addr
                0x0000000000002170       0x98 subsys/bluetooth/host/libsubsys__bluetooth__host.a(hci_core.c.obj)
                0x0000000000002170                bt_setup_id_addr
 .text.bt_init  0x0000000000002208      0x318 subsys/bluetooth/host/libsubsys__bluetooth__host.a(hci_core.c.obj)
 .text.init_work
                0x0000000000002520       0x18 subsys/bluetooth/host/libsubsys__bluetooth__host.a(hci_core.c.obj)
 .text.bt_buf_get_rx
                0x0000000000002538       0x20 subsys/bluetooth/host/libsubsys__bluetooth__host.a(hci_core.c.obj)
                0x0000000000002538                bt_buf_get_rx
 .text.bt_buf_get_cmd_complete
                0x0000000000002558       0x44 subsys/bluetooth/host/libsubsys__bluetooth__host.a(hci_core.c.obj)
                0x0000000000002558                bt_buf_get_cmd_complete
 .text.mem_init
                0x000000000000259c       0x4e subsys/bluetooth/controller/libsubsys__bluetooth__controller.a(mem.c.obj)
                0x000000000000259c                mem_init
 .text.mem_acquire
                0x00000000000025ea       0x34 subsys/bluetooth/controller/libsubsys__bluetooth__controller.a(mem.c.obj)
                0x00000000000025ea                mem_acquire
 .text.mem_release
                0x000000000000261e       0x2a subsys/bluetooth/controller/libsubsys__bluetooth__controller.a(mem.c.obj)
                0x000000000000261e                mem_release
 .text.mem_get  0x0000000000002648        0x6 subsys/bluetooth/controller/libsubsys__bluetooth__controller.a(mem.c.obj)
                0x0000000000002648                mem_get
 .text.mem_rcopy
                0x000000000000264e       0x1e subsys/bluetooth/controller/libsubsys__bluetooth__controller.a(mem.c.obj)
                0x000000000000264e                mem_rcopy
 .text.memq_init
                0x000000000000266c        0x6 subsys/bluetooth/controller/libsubsys__bluetooth__controller.a(memq.c.obj)
                0x000000000000266c                memq_init
 .text.memq_enqueue
                0x0000000000002672        0xe subsys/bluetooth/controller/libsubsys__bluetooth__controller.a(memq.c.obj)
                0x0000000000002672                memq_enqueue
 .text.memq_peek
                0x0000000000002680       0x10 subsys/bluetooth/controller/libsubsys__bluetooth__controller.a(memq.c.obj)
                0x0000000000002680                memq_peek
 .text.memq_dequeue
                0x0000000000002690       0x1e subsys/bluetooth/controller/libsubsys__bluetooth__controller.a(memq.c.obj)
                0x0000000000002690                memq_dequeue
 *fill*         0x00000000000026ae        0x2 
 .text.mayfly_init
                0x00000000000026b0       0x54 subsys/bluetooth/controller/libsubsys__bluetooth__controller.a(mayfly.c.obj)
                0x00000000000026b0                mayfly_init
 .text.mayfly_enable
                0x0000000000002704       0x50 subsys/bluetooth/controller/libsubsys__bluetooth__controller.a(mayfly.c.obj)
                0x0000000000002704                mayfly_enable
 .text.mayfly_enqueue
                0x0000000000002754       0xa0 subsys/bluetooth/controller/libsubsys__bluetooth__controller.a(mayfly.c.obj)
                0x0000000000002754                mayfly_enqueue
 .text.mayfly_run
                0x00000000000027f4      0x158 subsys/bluetooth/controller/libsubsys__bluetooth__controller.a(mayfly.c.obj)
                0x00000000000027f4                mayfly_run
 .text.util_ones_count_get
                0x000000000000294c       0x22 subsys/bluetooth/controller/libsubsys__bluetooth__controller.a(util.c.obj)
                0x000000000000294c                util_ones_count_get
 .text.ticker_dequeue
                0x000000000000296e       0x58 subsys/bluetooth/controller/libsubsys__bluetooth__controller.a(ticker.c.obj)
 .text.ticks_to_expire_prep
                0x00000000000029c6       0x3c subsys/bluetooth/controller/libsubsys__bluetooth__controller.a(ticker.c.obj)
 .text.ticker_job_op_cb
                0x0000000000002a02       0x14 subsys/bluetooth/controller/libsubsys__bluetooth__controller.a(ticker.c.obj)
 .text.ticker_worker
                0x0000000000002a16       0xae subsys/bluetooth/controller/libsubsys__bluetooth__controller.a(ticker.c.obj)
                0x0000000000002a16                ticker_worker
 .text.ticker_job
                0x0000000000002ac4      0x790 subsys/bluetooth/controller/libsubsys__bluetooth__controller.a(ticker.c.obj)
                0x0000000000002ac4                ticker_job
 .text.ticker_init
                0x0000000000003254       0x64 subsys/bluetooth/controller/libsubsys__bluetooth__controller.a(ticker.c.obj)
                0x0000000000003254                ticker_init
 .text.ticker_trigger
                0x00000000000032b8       0x24 subsys/bluetooth/controller/libsubsys__bluetooth__controller.a(ticker.c.obj)
                0x00000000000032b8                ticker_trigger
 .text.ticker_start
                0x00000000000032dc       0xa0 subsys/bluetooth/controller/libsubsys__bluetooth__controller.a(ticker.c.obj)
                0x00000000000032dc                ticker_start
 .text.ticker_update
                0x000000000000337c       0x98 subsys/bluetooth/controller/libsubsys__bluetooth__controller.a(ticker.c.obj)
                0x000000000000337c                ticker_update
 .text.ticker_stop
                0x0000000000003414       0x78 subsys/bluetooth/controller/libsubsys__bluetooth__controller.a(ticker.c.obj)
                0x0000000000003414                ticker_stop
 .text.ticker_next_slot_get
                0x000000000000348c       0x84 subsys/bluetooth/controller/libsubsys__bluetooth__controller.a(ticker.c.obj)
                0x000000000000348c                ticker_next_slot_get
 .text.ticker_job_idle_get
                0x0000000000003510       0x78 subsys/bluetooth/controller/libsubsys__bluetooth__controller.a(ticker.c.obj)
                0x0000000000003510                ticker_job_idle_get
 .text.ticker_job_sched
                0x0000000000003588       0x2c subsys/bluetooth/controller/libsubsys__bluetooth__controller.a(ticker.c.obj)
                0x0000000000003588                ticker_job_sched
 .text.ticker_ticks_now_get
                0x00000000000035b4        0x4 subsys/bluetooth/controller/libsubsys__bluetooth__controller.a(ticker.c.obj)
                0x00000000000035b4                ticker_ticks_now_get
 .text.ticker_ticks_diff_get
                0x00000000000035b8        0x8 subsys/bluetooth/controller/libsubsys__bluetooth__controller.a(ticker.c.obj)
                0x00000000000035b8                ticker_ticks_diff_get
 .text.ll_addr_get
                0x00000000000035c0       0x34 subsys/bluetooth/controller/libsubsys__bluetooth__controller.a(ll_addr.c.obj)
                0x00000000000035c0                ll_addr_get
 .text.ll_addr_set
                0x00000000000035f4       0x30 subsys/bluetooth/controller/libsubsys__bluetooth__controller.a(ll_addr.c.obj)
                0x00000000000035f4                ll_addr_set
 .text.ll_tx_pwr_lvl_get
                0x0000000000003624        0x6 subsys/bluetooth/controller/libsubsys__bluetooth__controller.a(ll_tx_pwr.c.obj)
                0x0000000000003624                ll_tx_pwr_lvl_get
 .text.ll_tx_pwr_get
                0x000000000000362a        0x8 subsys/bluetooth/controller/libsubsys__bluetooth__controller.a(ll_tx_pwr.c.obj)
                0x000000000000362a                ll_tx_pwr_get
 *fill*         0x0000000000003632        0x2 
 .text._hci_driver_init
                0x0000000000003634       0x10 subsys/bluetooth/controller/libsubsys__bluetooth__controller.a(hci_driver.c.obj)
 .text.hci_driver_send
                0x0000000000003644       0x3c subsys/bluetooth/controller/libsubsys__bluetooth__controller.a(hci_driver.c.obj)
 .text.recv_thread
                0x0000000000003680       0x78 subsys/bluetooth/controller/libsubsys__bluetooth__controller.a(hci_driver.c.obj)
 .text.prio_recv_thread
                0x00000000000036f8       0x3c subsys/bluetooth/controller/libsubsys__bluetooth__controller.a(hci_driver.c.obj)
 .text.hci_driver_open
                0x0000000000003734       0x88 subsys/bluetooth/controller/libsubsys__bluetooth__controller.a(hci_driver.c.obj)
 .text.sys_put_le32
                0x00000000000037bc       0x12 subsys/bluetooth/controller/libsubsys__bluetooth__controller.a(hci.c.obj)
 .text.sys_get_le64
                0x00000000000037ce        0x8 subsys/bluetooth/controller/libsubsys__bluetooth__controller.a(hci.c.obj)
 .text.meta_evt
                0x00000000000037d6       0x30 subsys/bluetooth/controller/libsubsys__bluetooth__controller.a(hci.c.obj)
 *fill*         0x0000000000003806        0x2 
 .text.le_remote_feat_complete
                0x0000000000003808       0x5c subsys/bluetooth/controller/libsubsys__bluetooth__controller.a(hci.c.obj)
 .text.cmd_complete
                0x0000000000003864       0x48 subsys/bluetooth/controller/libsubsys__bluetooth__controller.a(hci.c.obj)
 .text.hci_cmd_handle
                0x00000000000038ac      0x5c4 subsys/bluetooth/controller/libsubsys__bluetooth__controller.a(hci.c.obj)
                0x00000000000038ac                hci_cmd_handle
 .text.hci_evt_encode
                0x0000000000003e70      0x178 subsys/bluetooth/controller/libsubsys__bluetooth__controller.a(hci.c.obj)
                0x0000000000003e70                hci_evt_encode
 .text.hci_get_class
                0x0000000000003fe8       0x22 subsys/bluetooth/controller/libsubsys__bluetooth__controller.a(hci.c.obj)
                0x0000000000003fe8                hci_get_class
 *fill*         0x000000000000400a        0x2 
 .text.hci_init
                0x000000000000400c       0x24 subsys/bluetooth/controller/libsubsys__bluetooth__controller.a(hci.c.obj)
                0x000000000000400c                hci_init
 .text.bt_rand  0x0000000000004030       0x38 subsys/bluetooth/controller/libsubsys__bluetooth__controller.a(crypto.c.obj)
                0x0000000000004030                bt_rand
 .text.cpu_sleep
                0x0000000000004068        0x8 subsys/bluetooth/controller/libsubsys__bluetooth__controller.a(ctrl.c.obj)
 .text.ticker_if_done
                0x0000000000004070        0x4 subsys/bluetooth/controller/libsubsys__bluetooth__controller.a(ctrl.c.obj)
 .text.mayfly_xtal_start
                0x0000000000004074       0x10 subsys/bluetooth/controller/libsubsys__bluetooth__controller.a(ctrl.c.obj)
 .text.prepare_normal
                0x0000000000004084        0xc subsys/bluetooth/controller/libsubsys__bluetooth__controller.a(ctrl.c.obj)
 .text.tx_cmplt_get
                0x0000000000004090       0x94 subsys/bluetooth/controller/libsubsys__bluetooth__controller.a(ctrl.c.obj)
 .text.connection_get
                0x0000000000004124       0x2c subsys/bluetooth/controller/libsubsys__bluetooth__controller.a(ctrl.c.obj)
 .text.role_disable
                0x0000000000004150      0x1fc subsys/bluetooth/controller/libsubsys__bluetooth__controller.a(ctrl.c.obj)
 .text.packet_tx_enqueue
                0x000000000000434c       0xd8 subsys/bluetooth/controller/libsubsys__bluetooth__controller.a(ctrl.c.obj)
 .text.ticker_job_disable
                0x0000000000004424       0x18 subsys/bluetooth/controller/libsubsys__bluetooth__controller.a(ctrl.c.obj)
 .text.mayfly_xtal_retain.part.6
                0x000000000000443c       0x38 subsys/bluetooth/controller/libsubsys__bluetooth__controller.a(ctrl.c.obj)
 .text.isr.part.20
                0x0000000000004474        0xc subsys/bluetooth/controller/libsubsys__bluetooth__controller.a(ctrl.c.obj)
 .text.radio_event_adv_prepare.part.21
                0x0000000000004480        0xc subsys/bluetooth/controller/libsubsys__bluetooth__controller.a(ctrl.c.obj)
 .text.chan_set
                0x000000000000448c       0x3e subsys/bluetooth/controller/libsubsys__bluetooth__controller.a(ctrl.c.obj)
 *fill*         0x00000000000044ca        0x2 
 .text.adv_setup
                0x00000000000044cc       0xb0 subsys/bluetooth/controller/libsubsys__bluetooth__controller.a(ctrl.c.obj)
 .text.mayfly_radio_stop
                0x000000000000457c       0x34 subsys/bluetooth/controller/libsubsys__bluetooth__controller.a(ctrl.c.obj)
 .text.mayfly_radio_active
                0x00000000000045b0       0x30 subsys/bluetooth/controller/libsubsys__bluetooth__controller.a(ctrl.c.obj)
 .text.mayfly_radio_inactive
                0x00000000000045e0        0x6 subsys/bluetooth/controller/libsubsys__bluetooth__controller.a(ctrl.c.obj)
 *fill*         0x00000000000045e6        0x2 
 .text.event_stop
                0x00000000000045e8       0x20 subsys/bluetooth/controller/libsubsys__bluetooth__controller.a(ctrl.c.obj)
 .text.event_xtal
                0x0000000000004608       0x1c subsys/bluetooth/controller/libsubsys__bluetooth__controller.a(ctrl.c.obj)
 .text.event_active
                0x0000000000004624       0x1c subsys/bluetooth/controller/libsubsys__bluetooth__controller.a(ctrl.c.obj)
 .text.ticker_success_assert
                0x0000000000004640        0xa subsys/bluetooth/controller/libsubsys__bluetooth__controller.a(ctrl.c.obj)
 *fill*         0x000000000000464a        0x2 
 .text.ticker_update_adv_assert
                0x000000000000464c       0x18 subsys/bluetooth/controller/libsubsys__bluetooth__controller.a(ctrl.c.obj)
 .text.adv_scan_configure.constprop.22
                0x0000000000004664       0x54 subsys/bluetooth/controller/libsubsys__bluetooth__controller.a(ctrl.c.obj)
 .text.event_common_prepare.constprop.23
                0x00000000000046b8      0x174 subsys/bluetooth/controller/libsubsys__bluetooth__controller.a(ctrl.c.obj)
 .text.radio_event_adv_prepare
                0x000000000000482c       0x30 subsys/bluetooth/controller/libsubsys__bluetooth__controller.a(ctrl.c.obj)
                0x000000000000482c                radio_event_adv_prepare
 .text.mayfly_xtal_stop_calc
                0x000000000000485c       0x94 subsys/bluetooth/controller/libsubsys__bluetooth__controller.a(ctrl.c.obj)
 .text.packet_rx_allocate.constprop.27
                0x00000000000048f0       0x94 subsys/bluetooth/controller/libsubsys__bluetooth__controller.a(ctrl.c.obj)
 .text.common_init
                0x0000000000004984       0xd4 subsys/bluetooth/controller/libsubsys__bluetooth__controller.a(ctrl.c.obj)
 .text.isr_rx_scan_report.isra.15
                0x0000000000004a58       0xd4 subsys/bluetooth/controller/libsubsys__bluetooth__controller.a(ctrl.c.obj)
 .text.isr      0x0000000000004b2c      0x4c8 subsys/bluetooth/controller/libsubsys__bluetooth__controller.a(ctrl.c.obj)
 .text.mayfly_xtal_stop
                0x0000000000004ff4       0x10 subsys/bluetooth/controller/libsubsys__bluetooth__controller.a(ctrl.c.obj)
 .text.preempt_calc
                0x0000000000005004       0x88 subsys/bluetooth/controller/libsubsys__bluetooth__controller.a(ctrl.c.obj)
 .text.event_adv
                0x000000000000508c       0xb4 subsys/bluetooth/controller/libsubsys__bluetooth__controller.a(ctrl.c.obj)
 .text.radio_init
                0x0000000000005140       0xfc subsys/bluetooth/controller/libsubsys__bluetooth__controller.a(ctrl.c.obj)
                0x0000000000005140                radio_init
 .text.ll_reset
                0x000000000000523c       0xa0 subsys/bluetooth/controller/libsubsys__bluetooth__controller.a(ctrl.c.obj)
                0x000000000000523c                ll_reset
 .text.radio_adv_data_get
                0x00000000000052dc        0x8 subsys/bluetooth/controller/libsubsys__bluetooth__controller.a(ctrl.c.obj)
                0x00000000000052dc                radio_adv_data_get
 .text.radio_scan_data_get
                0x00000000000052e4        0x8 subsys/bluetooth/controller/libsubsys__bluetooth__controller.a(ctrl.c.obj)
                0x00000000000052e4                radio_scan_data_get
 .text.ll_adv_is_enabled
                0x00000000000052ec       0x10 subsys/bluetooth/controller/libsubsys__bluetooth__controller.a(ctrl.c.obj)
                0x00000000000052ec                ll_adv_is_enabled
 .text.radio_adv_filter_pol_get
                0x00000000000052fc       0x18 subsys/bluetooth/controller/libsubsys__bluetooth__controller.a(ctrl.c.obj)
                0x00000000000052fc                radio_adv_filter_pol_get
 .text.radio_scan_filter_pol_get
                0x0000000000005314       0x1c subsys/bluetooth/controller/libsubsys__bluetooth__controller.a(ctrl.c.obj)
                0x0000000000005314                radio_scan_filter_pol_get
 .text.ll_rx_get
                0x0000000000005330       0x70 subsys/bluetooth/controller/libsubsys__bluetooth__controller.a(ctrl.c.obj)
                0x0000000000005330                ll_rx_get
 .text.ll_rx_dequeue
                0x00000000000053a0       0x5c subsys/bluetooth/controller/libsubsys__bluetooth__controller.a(ctrl.c.obj)
                0x00000000000053a0                ll_rx_dequeue
 .text.ll_rx_mem_release
                0x00000000000053fc       0x38 subsys/bluetooth/controller/libsubsys__bluetooth__controller.a(ctrl.c.obj)
                0x00000000000053fc                ll_rx_mem_release
 .text.radio_rx_fc_set
                0x0000000000005434       0xa4 subsys/bluetooth/controller/libsubsys__bluetooth__controller.a(ctrl.c.obj)
                0x0000000000005434                radio_rx_fc_set
 .text.ll_adv_scan_state_cb
                0x00000000000054d8        0x2 subsys/bluetooth/controller/libsubsys__bluetooth__controller.a(ctrl.c.obj)
                0x00000000000054d8                ll_adv_scan_state_cb
 *fill*         0x00000000000054da        0x6 
 .text.radio_adv_enable
                0x00000000000054e0      0x27c subsys/bluetooth/controller/libsubsys__bluetooth__controller.a(ctrl.c.obj)
                0x00000000000054e0                radio_adv_enable
 .text.radio_adv_disable
                0x000000000000575c       0x58 subsys/bluetooth/controller/libsubsys__bluetooth__controller.a(ctrl.c.obj)
                0x000000000000575c                radio_adv_disable
 .text.rtc0_nrf5_isr
                0x00000000000057b4       0x24 subsys/bluetooth/controller/libsubsys__bluetooth__controller.a(ll.c.obj)
 .text.swi5_nrf5_isr
                0x00000000000057d8        0x6 subsys/bluetooth/controller/libsubsys__bluetooth__controller.a(ll.c.obj)
 .text.radio_nrf5_isr
                0x00000000000057de       0x22 subsys/bluetooth/controller/libsubsys__bluetooth__controller.a(ll.c.obj)
                0x00000000000057de                radio_nrf5_isr
 .text.radio_active_callback
                0x0000000000005800        0x2 subsys/bluetooth/controller/libsubsys__bluetooth__controller.a(ll.c.obj)
                0x0000000000005800                radio_active_callback
 *fill*         0x0000000000005802        0x2 
 .text.radio_event_callback
                0x0000000000005804        0xc subsys/bluetooth/controller/libsubsys__bluetooth__controller.a(ll.c.obj)
                0x0000000000005804                radio_event_callback
 .text.ll_init  0x0000000000005810      0x110 subsys/bluetooth/controller/libsubsys__bluetooth__controller.a(ll.c.obj)
                0x0000000000005810                ll_init
 .text.ll_adv_params_set
                0x0000000000005920      0x288 subsys/bluetooth/controller/libsubsys__bluetooth__controller.a(ll_adv.c.obj)
                0x0000000000005920                ll_adv_params_set
 .text.ll_adv_data_set
                0x0000000000005ba8       0xb2 subsys/bluetooth/controller/libsubsys__bluetooth__controller.a(ll_adv.c.obj)
                0x0000000000005ba8                ll_adv_data_set
 .text.ll_adv_scan_rsp_set
                0x0000000000005c5a       0x8e subsys/bluetooth/controller/libsubsys__bluetooth__controller.a(ll_adv.c.obj)
                0x0000000000005c5a                ll_adv_scan_rsp_set
 .text.ll_adv_enable
                0x0000000000005ce8       0xc4 subsys/bluetooth/controller/libsubsys__bluetooth__controller.a(ll_adv.c.obj)
                0x0000000000005ce8                ll_adv_enable
 .text.ctrl_filter_get
                0x0000000000005dac       0x18 subsys/bluetooth/controller/libsubsys__bluetooth__controller.a(ll_filter.c.obj)
                0x0000000000005dac                ctrl_filter_get
 .text.ll_wl_size_get
                0x0000000000005dc4        0x4 subsys/bluetooth/controller/libsubsys__bluetooth__controller.a(ll_filter.c.obj)
                0x0000000000005dc4                ll_wl_size_get
 .text.ll_wl_clear
                0x0000000000005dc8       0x2c subsys/bluetooth/controller/libsubsys__bluetooth__controller.a(ll_filter.c.obj)
                0x0000000000005dc8                ll_wl_clear
 .text.ll_wl_add
                0x0000000000005df4       0x70 subsys/bluetooth/controller/libsubsys__bluetooth__controller.a(ll_filter.c.obj)
                0x0000000000005df4                ll_wl_add
 .text.ll_wl_remove
                0x0000000000005e64       0x90 subsys/bluetooth/controller/libsubsys__bluetooth__controller.a(ll_filter.c.obj)
                0x0000000000005e64                ll_wl_remove
 .text.ll_filter_reset
                0x0000000000005ef4       0x18 subsys/bluetooth/controller/libsubsys__bluetooth__controller.a(ll_filter.c.obj)
                0x0000000000005ef4                ll_filter_reset
 .text.cntr_init
                0x0000000000005f0c       0x1c subsys/bluetooth/controller/libsubsys__bluetooth__controller.a(cntr.c.obj)
                0x0000000000005f0c                cntr_init
 .text.cntr_start
                0x0000000000005f28       0x1c subsys/bluetooth/controller/libsubsys__bluetooth__controller.a(cntr.c.obj)
                0x0000000000005f28                cntr_start
 .text.cntr_stop
                0x0000000000005f44       0x30 subsys/bluetooth/controller/libsubsys__bluetooth__controller.a(cntr.c.obj)
                0x0000000000005f44                cntr_stop
 .text.cntr_cnt_get
                0x0000000000005f74        0xc subsys/bluetooth/controller/libsubsys__bluetooth__controller.a(cntr.c.obj)
                0x0000000000005f74                cntr_cnt_get
 .text.cntr_cmp_set
                0x0000000000005f80       0x10 subsys/bluetooth/controller/libsubsys__bluetooth__controller.a(cntr.c.obj)
                0x0000000000005f80                cntr_cmp_set
 .text.do_ecb   0x0000000000005f90       0x54 subsys/bluetooth/controller/libsubsys__bluetooth__controller.a(ecb.c.obj)
 .text.ecb_encrypt
                0x0000000000005fe4       0x42 subsys/bluetooth/controller/libsubsys__bluetooth__controller.a(ecb.c.obj)
                0x0000000000005fe4                ecb_encrypt
 *fill*         0x0000000000006026        0x2 
 .text.hal_radio_enable_on_tick_ppi_config_and_enable
                0x0000000000006028       0x28 subsys/bluetooth/controller/libsubsys__bluetooth__controller.a(radio.c.obj)
 .text.sw_switch.isra.6
                0x0000000000006050      0x200 subsys/bluetooth/controller/libsubsys__bluetooth__controller.a(radio.c.obj)
 .text.isr_radio
                0x0000000000006250       0x20 subsys/bluetooth/controller/libsubsys__bluetooth__controller.a(radio.c.obj)
                0x0000000000006250                isr_radio
 .text.radio_isr_set
                0x0000000000006270       0x40 subsys/bluetooth/controller/libsubsys__bluetooth__controller.a(radio.c.obj)
                0x0000000000006270                radio_isr_set
 .text.radio_setup
                0x00000000000062b0       0x44 subsys/bluetooth/controller/libsubsys__bluetooth__controller.a(radio.c.obj)
                0x00000000000062b0                radio_setup
 .text.radio_reset
                0x00000000000062f4       0x34 subsys/bluetooth/controller/libsubsys__bluetooth__controller.a(radio.c.obj)
                0x00000000000062f4                radio_reset
 .text.radio_phy_set
                0x0000000000006328       0x5c subsys/bluetooth/controller/libsubsys__bluetooth__controller.a(radio.c.obj)
                0x0000000000006328                radio_phy_set
 .text.radio_tx_power_set
                0x0000000000006384        0xc subsys/bluetooth/controller/libsubsys__bluetooth__controller.a(radio.c.obj)
                0x0000000000006384                radio_tx_power_set
 .text.radio_freq_chan_set
                0x0000000000006390        0xc subsys/bluetooth/controller/libsubsys__bluetooth__controller.a(radio.c.obj)
                0x0000000000006390                radio_freq_chan_set
 .text.radio_whiten_iv_set
                0x000000000000639c       0x24 subsys/bluetooth/controller/libsubsys__bluetooth__controller.a(radio.c.obj)
                0x000000000000639c                radio_whiten_iv_set
 .text.radio_aa_set
                0x00000000000063c0       0x30 subsys/bluetooth/controller/libsubsys__bluetooth__controller.a(radio.c.obj)
                0x00000000000063c0                radio_aa_set
 .text.radio_pkt_configure
                0x00000000000063f0       0x64 subsys/bluetooth/controller/libsubsys__bluetooth__controller.a(radio.c.obj)
                0x00000000000063f0                radio_pkt_configure
 .text.radio_pkt_rx_set
                0x0000000000006454        0xc subsys/bluetooth/controller/libsubsys__bluetooth__controller.a(radio.c.obj)
                0x0000000000006454                radio_pkt_rx_set
 .text.radio_pkt_tx_set
                0x0000000000006460        0xc subsys/bluetooth/controller/libsubsys__bluetooth__controller.a(radio.c.obj)
                0x0000000000006460                radio_pkt_tx_set
 .text.radio_tx_chain_delay_get
                0x000000000000646c        0x4 subsys/bluetooth/controller/libsubsys__bluetooth__controller.a(radio.c.obj)
                0x000000000000646c                radio_tx_chain_delay_get
 .text.radio_rx_chain_delay_get
                0x0000000000006470       0x1c subsys/bluetooth/controller/libsubsys__bluetooth__controller.a(radio.c.obj)
                0x0000000000006470                radio_rx_chain_delay_get
 .text.radio_rx_enable
                0x000000000000648c        0xc subsys/bluetooth/controller/libsubsys__bluetooth__controller.a(radio.c.obj)
                0x000000000000648c                radio_rx_enable
 .text.radio_tx_enable
                0x0000000000006498        0xc subsys/bluetooth/controller/libsubsys__bluetooth__controller.a(radio.c.obj)
                0x0000000000006498                radio_tx_enable
 .text.radio_disable
                0x00000000000064a4       0x24 subsys/bluetooth/controller/libsubsys__bluetooth__controller.a(radio.c.obj)
                0x00000000000064a4                radio_disable
 .text.radio_status_reset
                0x00000000000064c8       0x18 subsys/bluetooth/controller/libsubsys__bluetooth__controller.a(radio.c.obj)
                0x00000000000064c8                radio_status_reset
 .text.radio_is_ready
                0x00000000000064e0       0x14 subsys/bluetooth/controller/libsubsys__bluetooth__controller.a(radio.c.obj)
                0x00000000000064e0                radio_is_ready
 .text.radio_is_done
                0x00000000000064f4       0x14 subsys/bluetooth/controller/libsubsys__bluetooth__controller.a(radio.c.obj)
                0x00000000000064f4                radio_is_done
 .text.radio_is_idle
                0x0000000000006508       0x14 subsys/bluetooth/controller/libsubsys__bluetooth__controller.a(radio.c.obj)
                0x0000000000006508                radio_is_idle
 .text.radio_crc_configure
                0x000000000000651c       0x18 subsys/bluetooth/controller/libsubsys__bluetooth__controller.a(radio.c.obj)
                0x000000000000651c                radio_crc_configure
 .text.radio_crc_is_valid
                0x0000000000006534       0x14 subsys/bluetooth/controller/libsubsys__bluetooth__controller.a(radio.c.obj)
                0x0000000000006534                radio_crc_is_valid
 .text.radio_pkt_scratch_get
                0x0000000000006548        0x8 subsys/bluetooth/controller/libsubsys__bluetooth__controller.a(radio.c.obj)
                0x0000000000006548                radio_pkt_scratch_get
 .text.radio_switch_complete_and_rx
                0x0000000000006550       0x18 subsys/bluetooth/controller/libsubsys__bluetooth__controller.a(radio.c.obj)
                0x0000000000006550                radio_switch_complete_and_rx
 .text.radio_switch_complete_and_tx
                0x0000000000006568       0x14 subsys/bluetooth/controller/libsubsys__bluetooth__controller.a(radio.c.obj)
                0x0000000000006568                radio_switch_complete_and_tx
 .text.radio_switch_complete_and_disable
                0x000000000000657c       0x1c subsys/bluetooth/controller/libsubsys__bluetooth__controller.a(radio.c.obj)
                0x000000000000657c                radio_switch_complete_and_disable
 .text.radio_rssi_measure
                0x0000000000006598       0x14 subsys/bluetooth/controller/libsubsys__bluetooth__controller.a(radio.c.obj)
                0x0000000000006598                radio_rssi_measure
 .text.radio_rssi_get
                0x00000000000065ac        0xc subsys/bluetooth/controller/libsubsys__bluetooth__controller.a(radio.c.obj)
                0x00000000000065ac                radio_rssi_get
 .text.radio_rssi_status_reset
                0x00000000000065b8       0x10 subsys/bluetooth/controller/libsubsys__bluetooth__controller.a(radio.c.obj)
                0x00000000000065b8                radio_rssi_status_reset
 .text.radio_rssi_is_ready
                0x00000000000065c8       0x14 subsys/bluetooth/controller/libsubsys__bluetooth__controller.a(radio.c.obj)
                0x00000000000065c8                radio_rssi_is_ready
 .text.radio_filter_configure
                0x00000000000065dc       0x34 subsys/bluetooth/controller/libsubsys__bluetooth__controller.a(radio.c.obj)
                0x00000000000065dc                radio_filter_configure
 .text.radio_filter_disable
                0x0000000000006610       0x14 subsys/bluetooth/controller/libsubsys__bluetooth__controller.a(radio.c.obj)
                0x0000000000006610                radio_filter_disable
 .text.radio_filter_status_reset
                0x0000000000006624       0x10 subsys/bluetooth/controller/libsubsys__bluetooth__controller.a(radio.c.obj)
                0x0000000000006624                radio_filter_status_reset
 .text.radio_filter_has_match
                0x0000000000006634       0x14 subsys/bluetooth/controller/libsubsys__bluetooth__controller.a(radio.c.obj)
                0x0000000000006634                radio_filter_has_match
 .text.radio_filter_match_get
                0x0000000000006648        0xc subsys/bluetooth/controller/libsubsys__bluetooth__controller.a(radio.c.obj)
                0x0000000000006648                radio_filter_match_get
 .text.radio_tmr_status_reset
                0x0000000000006654       0x20 subsys/bluetooth/controller/libsubsys__bluetooth__controller.a(radio.c.obj)
                0x0000000000006654                radio_tmr_status_reset
 .text.radio_tmr_tifs_set
                0x0000000000006674       0x18 subsys/bluetooth/controller/libsubsys__bluetooth__controller.a(radio.c.obj)
                0x0000000000006674                radio_tmr_tifs_set
 .text.radio_tmr_start
                0x000000000000668c       0xc8 subsys/bluetooth/controller/libsubsys__bluetooth__controller.a(radio.c.obj)
                0x000000000000668c                radio_tmr_start
 .text.radio_tmr_stop
                0x0000000000006754       0x18 subsys/bluetooth/controller/libsubsys__bluetooth__controller.a(radio.c.obj)
                0x0000000000006754                radio_tmr_stop
 .text.radio_tmr_hcto_configure
                0x000000000000676c       0x18 subsys/bluetooth/controller/libsubsys__bluetooth__controller.a(radio.c.obj)
                0x000000000000676c                radio_tmr_hcto_configure
 .text.radio_tmr_end_capture
                0x0000000000006784       0x10 subsys/bluetooth/controller/libsubsys__bluetooth__controller.a(radio.c.obj)
                0x0000000000006784                radio_tmr_end_capture
 .text.radio_tmr_tifs_base_get
                0x0000000000006794        0xc subsys/bluetooth/controller/libsubsys__bluetooth__controller.a(radio.c.obj)
                0x0000000000006794                radio_tmr_tifs_base_get
 .text.radio_ccm_rx_pkt_set
                0x00000000000067a0       0x9c subsys/bluetooth/controller/libsubsys__bluetooth__controller.a(radio.c.obj)
                0x00000000000067a0                radio_ccm_rx_pkt_set
 .text.radio_ar_match_get
                0x000000000000683c        0xc subsys/bluetooth/controller/libsubsys__bluetooth__controller.a(radio.c.obj)
                0x000000000000683c                radio_ar_match_get
 .text.radio_ar_status_reset
                0x0000000000006848       0x18 subsys/bluetooth/controller/libsubsys__bluetooth__controller.a(radio.c.obj)
                0x0000000000006848                radio_ar_status_reset
 .text.radio_ar_has_match
                0x0000000000006860       0x28 subsys/bluetooth/controller/libsubsys__bluetooth__controller.a(radio.c.obj)
                0x0000000000006860                radio_ar_has_match
 .text.mayfly_enable_cb
                0x0000000000006888       0x1c subsys/bluetooth/controller/libsubsys__bluetooth__controller.a(mayfly.c.obj)
                0x0000000000006888                mayfly_enable_cb
 .text.mayfly_is_enabled
                0x00000000000068a4       0x1c subsys/bluetooth/controller/libsubsys__bluetooth__controller.a(mayfly.c.obj)
                0x00000000000068a4                mayfly_is_enabled
 .text.mayfly_prio_is_equal
                0x00000000000068c0       0x22 subsys/bluetooth/controller/libsubsys__bluetooth__controller.a(mayfly.c.obj)
                0x00000000000068c0                mayfly_prio_is_equal
 *fill*         0x00000000000068e2        0x2 
 .text.mayfly_pend
                0x00000000000068e4       0x28 subsys/bluetooth/controller/libsubsys__bluetooth__controller.a(mayfly.c.obj)
                0x00000000000068e4                mayfly_pend
 .text.hal_ticker_instance0_caller_id_get
                0x000000000000690c       0x20 subsys/bluetooth/controller/libsubsys__bluetooth__controller.a(ticker.c.obj)
                0x000000000000690c                hal_ticker_instance0_caller_id_get
 .text.hal_ticker_instance0_sched
                0x000000000000692c       0x78 subsys/bluetooth/controller/libsubsys__bluetooth__controller.a(ticker.c.obj)
                0x000000000000692c                hal_ticker_instance0_sched
 .text.hal_ticker_instance0_trigger_set
                0x00000000000069a4        0x8 subsys/bluetooth/controller/libsubsys__bluetooth__controller.a(ticker.c.obj)
                0x00000000000069a4                hal_ticker_instance0_trigger_set
 .text.fixed_data_unref
                0x00000000000069ac        0x2 subsys/net/libsubsys__net.a(buf.c.obj)
 *fill*         0x00000000000069ae        0x2 
 .text.net_buf_pool_get
                0x00000000000069b0        0xc subsys/net/libsubsys__net.a(buf.c.obj)
                0x00000000000069b0                net_buf_pool_get
 .text.net_buf_id
                0x00000000000069bc       0x1c subsys/net/libsubsys__net.a(buf.c.obj)
                0x00000000000069bc                net_buf_id
 .text.fixed_data_alloc
                0x00000000000069d8       0x2c subsys/net/libsubsys__net.a(buf.c.obj)
 .text.net_buf_alloc_len
                0x0000000000006a04       0xd4 subsys/net/libsubsys__net.a(buf.c.obj)
                0x0000000000006a04                net_buf_alloc_len
 .text.net_buf_alloc_fixed
                0x0000000000006ad8        0xc subsys/net/libsubsys__net.a(buf.c.obj)
                0x0000000000006ad8                net_buf_alloc_fixed
 .text.net_buf_simple_reserve
                0x0000000000006ae4        0x8 subsys/net/libsubsys__net.a(buf.c.obj)
                0x0000000000006ae4                net_buf_simple_reserve
 .text.net_buf_put
                0x0000000000006aec       0x1a subsys/net/libsubsys__net.a(buf.c.obj)
                0x0000000000006aec                net_buf_put
 *fill*         0x0000000000006b06        0x2 
 .text.net_buf_unref
                0x0000000000006b08       0x5c subsys/net/libsubsys__net.a(buf.c.obj)
                0x0000000000006b08                net_buf_unref
 .text.net_buf_ref
                0x0000000000006b64        0x8 subsys/net/libsubsys__net.a(buf.c.obj)
                0x0000000000006b64                net_buf_ref
 .text.net_buf_simple_add
                0x0000000000006b6c        0xc subsys/net/libsubsys__net.a(buf.c.obj)
                0x0000000000006b6c                net_buf_simple_add
 .text.net_buf_simple_add_mem
                0x0000000000006b78       0x12 subsys/net/libsubsys__net.a(buf.c.obj)
                0x0000000000006b78                net_buf_simple_add_mem
 .text.net_buf_simple_pull
                0x0000000000006b8a       0x10 subsys/net/libsubsys__net.a(buf.c.obj)
                0x0000000000006b8a                net_buf_simple_pull
 *fill*         0x0000000000006b9a        0x2 
 .text.uart_nrfx_err_check
                0x0000000000006b9c       0x14 drivers/serial/libdrivers__serial.a(uart_nrfx_uart.c.obj)
 .text.uart_nrfx_config_get
                0x0000000000006bb0       0x10 drivers/serial/libdrivers__serial.a(uart_nrfx_uart.c.obj)
 .text.uart_nrfx_configure
                0x0000000000006bc0      0x16c drivers/serial/libdrivers__serial.a(uart_nrfx_uart.c.obj)
 .text.uart_nrfx_poll_in
                0x0000000000006d2c       0x2c drivers/serial/libdrivers__serial.a(uart_nrfx_uart.c.obj)
 .text.uart_nrfx_poll_out
                0x0000000000006d58       0x34 drivers/serial/libdrivers__serial.a(uart_nrfx_uart.c.obj)
 .text.uart_nrfx_init
                0x0000000000006d8c       0x68 drivers/serial/libdrivers__serial.a(uart_nrfx_uart.c.obj)
 .text.rng_pool_get
                0x0000000000006df4       0x80 drivers/entropy/libdrivers__entropy.a(entropy_nrf5.c.obj)
 .text.entropy_nrf5_get_entropy
                0x0000000000006e74       0x50 drivers/entropy/libdrivers__entropy.a(entropy_nrf5.c.obj)
 .text.random_byte_get
                0x0000000000006ec4       0x3c drivers/entropy/libdrivers__entropy.a(entropy_nrf5.c.obj)
 .text.entropy_nrf5_get_entropy_isr
                0x0000000000006f00       0x94 drivers/entropy/libdrivers__entropy.a(entropy_nrf5.c.obj)
 .text.entropy_nrf5_init
                0x0000000000006f94       0x90 drivers/entropy/libdrivers__entropy.a(entropy_nrf5.c.obj)
 .text.isr      0x0000000000007024       0x74 drivers/entropy/libdrivers__entropy.a(entropy_nrf5.c.obj)
 .text._sys_device_do_config_level
                0x0000000000007098       0x2c kernel/libkernel.a(device.c.obj)
                0x0000000000007098                _sys_device_do_config_level
 .text._impl_device_get_binding
                0x00000000000070c4       0x4c kernel/libkernel.a(device.c.obj)
                0x00000000000070c4                _impl_device_get_binding
 .text._sys_power_save_idle_exit
                0x0000000000007110        0x4 kernel/libkernel.a(idle.c.obj)
                0x0000000000007110                _sys_power_save_idle_exit
 .text.idle     0x0000000000007114       0x30 kernel/libkernel.a(idle.c.obj)
                0x0000000000007114                idle
 .text._bss_zero
                0x0000000000007144       0x14 kernel/libkernel.a(init.c.obj)
                0x0000000000007144                _bss_zero
 .text._data_copy
                0x0000000000007158       0x18 kernel/libkernel.a(init.c.obj)
                0x0000000000007158                _data_copy
 .text.bg_thread_main
                0x0000000000007170       0x38 kernel/libkernel.a(init.c.obj)
 .text._Cstart  0x00000000000071a8      0x104 kernel/libkernel.a(init.c.obj)
                0x00000000000071a8                _Cstart
 .text.init_static_pools
                0x00000000000072ac       0x28 kernel/libkernel.a(mempool.c.obj)
                0x00000000000072ac                init_static_pools
 .text.k_mem_pool_alloc
                0x00000000000072d4       0xd0 kernel/libkernel.a(mempool.c.obj)
                0x00000000000072d4                k_mem_pool_alloc
 .text.k_mem_pool_free_id
                0x00000000000073a4       0x60 kernel/libkernel.a(mempool.c.obj)
                0x00000000000073a4                k_mem_pool_free_id
 .text.k_mem_pool_malloc
                0x0000000000007404       0x2a kernel/libkernel.a(mempool.c.obj)
                0x0000000000007404                k_mem_pool_malloc
 .text.k_free   0x000000000000742e        0xa kernel/libkernel.a(mempool.c.obj)
                0x000000000000742e                k_free
 .text.z_thread_malloc
                0x0000000000007438       0x14 kernel/libkernel.a(mempool.c.obj)
                0x0000000000007438                z_thread_malloc
 .text.queue_insert
                0x000000000000744c       0x90 kernel/libkernel.a(queue.c.obj)
 .text.z_queue_node_peek
                0x00000000000074dc       0x18 kernel/libkernel.a(queue.c.obj)
                0x00000000000074dc                z_queue_node_peek
 .text._impl_k_queue_init
                0x00000000000074f4       0x10 kernel/libkernel.a(queue.c.obj)
                0x00000000000074f4                _impl_k_queue_init
 .text.k_queue_append
                0x0000000000007504        0xa kernel/libkernel.a(queue.c.obj)
                0x0000000000007504                k_queue_append
 .text.k_queue_prepend
                0x000000000000750e        0xa kernel/libkernel.a(queue.c.obj)
                0x000000000000750e                k_queue_prepend
 .text.k_queue_append_list
                0x0000000000007518       0x34 kernel/libkernel.a(queue.c.obj)
                0x0000000000007518                k_queue_append_list
 .text._impl_k_queue_get
                0x000000000000754c       0xb8 kernel/libkernel.a(queue.c.obj)
                0x000000000000754c                _impl_k_queue_get
 .text.sys_dlist_remove
                0x0000000000007604       0x12 kernel/libkernel.a(sched.c.obj)
 *fill*         0x0000000000007616        0x2 
 .text.reset_time_slice
                0x0000000000007618       0x24 kernel/libkernel.a(sched.c.obj)
 .text.k_spin_lock.isra.10
                0x000000000000763c        0xe kernel/libkernel.a(sched.c.obj)
 .text._is_t1_higher_prio_than_t2
                0x000000000000764a       0x12 kernel/libkernel.a(sched.c.obj)
                0x000000000000764a                _is_t1_higher_prio_than_t2
 .text.k_sched_time_slice_set
                0x000000000000765c       0x4c kernel/libkernel.a(sched.c.obj)
                0x000000000000765c                k_sched_time_slice_set
 .text._unpend_thread_no_timeout
                0x00000000000076a8       0x22 kernel/libkernel.a(sched.c.obj)
                0x00000000000076a8                _unpend_thread_no_timeout
 .text._unpend_thread
                0x00000000000076ca       0x14 kernel/libkernel.a(sched.c.obj)
                0x00000000000076ca                _unpend_thread
 *fill*         0x00000000000076de        0x2 
 .text._reschedule
                0x00000000000076e0       0x30 kernel/libkernel.a(sched.c.obj)
                0x00000000000076e0                _reschedule
 .text._priq_dumb_add
                0x0000000000007710       0x40 kernel/libkernel.a(sched.c.obj)
                0x0000000000007710                _priq_dumb_add
 .text._priq_dumb_best
                0x0000000000007750        0xc kernel/libkernel.a(sched.c.obj)
                0x0000000000007750                _priq_dumb_best
 .text.update_cache
                0x000000000000775c       0x4c kernel/libkernel.a(sched.c.obj)
 .text._add_thread_to_ready_q
                0x00000000000077a8       0x2c kernel/libkernel.a(sched.c.obj)
                0x00000000000077a8                _add_thread_to_ready_q
 .text._ready_thread
                0x00000000000077d4       0x10 kernel/libkernel.a(sched.c.obj)
 .text.z_thread_timeout
                0x00000000000077e4       0x2a kernel/libkernel.a(sched.c.obj)
                0x00000000000077e4                z_thread_timeout
 *fill*         0x000000000000780e        0x2 
 .text._move_thread_to_end_of_prio_q
                0x0000000000007810       0x3c kernel/libkernel.a(sched.c.obj)
                0x0000000000007810                _move_thread_to_end_of_prio_q
 .text.z_time_slice
                0x000000000000784c       0x6c kernel/libkernel.a(sched.c.obj)
                0x000000000000784c                z_time_slice
 .text._remove_thread_from_ready_q
                0x00000000000078b8       0x38 kernel/libkernel.a(sched.c.obj)
                0x00000000000078b8                _remove_thread_from_ready_q
 .text.pend     0x00000000000078f0       0x54 kernel/libkernel.a(sched.c.obj)
 .text._pend_current_thread
                0x0000000000007944       0x24 kernel/libkernel.a(sched.c.obj)
                0x0000000000007944                _pend_current_thread
 .text.k_sched_unlock
                0x0000000000007968       0x34 kernel/libkernel.a(sched.c.obj)
                0x0000000000007968                k_sched_unlock
 .text._find_first_thread_to_unpend
                0x000000000000799c       0x16 kernel/libkernel.a(sched.c.obj)
                0x000000000000799c                _find_first_thread_to_unpend
 .text._unpend_first_thread
                0x00000000000079b2       0x1c kernel/libkernel.a(sched.c.obj)
                0x00000000000079b2                _unpend_first_thread
 .text._unpend_all
                0x00000000000079ce       0x20 kernel/libkernel.a(sched.c.obj)
                0x00000000000079ce                _unpend_all
 *fill*         0x00000000000079ee        0x2 
 .text._sched_init
                0x00000000000079f0       0x18 kernel/libkernel.a(sched.c.obj)
                0x00000000000079f0                _sched_init
 .text._impl_k_yield
                0x0000000000007a08       0x54 kernel/libkernel.a(sched.c.obj)
                0x0000000000007a08                _impl_k_yield
 .text._impl_k_sleep
                0x0000000000007a5c       0x80 kernel/libkernel.a(sched.c.obj)
                0x0000000000007a5c                _impl_k_sleep
 .text._impl_k_current_get
                0x0000000000007adc        0xc kernel/libkernel.a(sched.c.obj)
                0x0000000000007adc                _impl_k_current_get
 .text._impl_k_sem_init
                0x0000000000007ae8       0x12 kernel/libkernel.a(sem.c.obj)
                0x0000000000007ae8                _impl_k_sem_init
 .text._impl_k_sem_give
                0x0000000000007afa       0x4c kernel/libkernel.a(sem.c.obj)
                0x0000000000007afa                _impl_k_sem_give
 .text._impl_k_sem_take
                0x0000000000007b46       0x38 kernel/libkernel.a(sem.c.obj)
                0x0000000000007b46                _impl_k_sem_take
 *fill*         0x0000000000007b7e        0x2 
 .text.k_sys_work_q_init
                0x0000000000007b80       0x30 kernel/libkernel.a(system_work_q.c.obj)
 .text.schedule_new_thread.part.8
                0x0000000000007bb0       0x44 kernel/libkernel.a(thread.c.obj)
 .text._ready_thread
                0x0000000000007bf4       0x10 kernel/libkernel.a(thread.c.obj)
 .text.k_is_in_isr
                0x0000000000007c04       0x20 kernel/libkernel.a(thread.c.obj)
                0x0000000000007c04                k_is_in_isr
 .text._is_thread_essential
                0x0000000000007c24       0x10 kernel/libkernel.a(thread.c.obj)
                0x0000000000007c24                _is_thread_essential
 .text._impl_k_thread_name_set
                0x0000000000007c34        0x2 kernel/libkernel.a(thread.c.obj)
                0x0000000000007c34                _impl_k_thread_name_set
 .text._impl_k_thread_start
                0x0000000000007c36       0x2e kernel/libkernel.a(thread.c.obj)
                0x0000000000007c36                _impl_k_thread_start
 .text._setup_new_thread
                0x0000000000007c64       0x34 kernel/libkernel.a(thread.c.obj)
                0x0000000000007c64                _setup_new_thread
 .text._impl_k_thread_create
                0x0000000000007c98       0x40 kernel/libkernel.a(thread.c.obj)
                0x0000000000007c98                _impl_k_thread_create
 .text._k_thread_single_abort
                0x0000000000007cd8       0x3e kernel/libkernel.a(thread.c.obj)
                0x0000000000007cd8                _k_thread_single_abort
 *fill*         0x0000000000007d16        0x2 
 .text._init_static_threads
                0x0000000000007d18       0x98 kernel/libkernel.a(thread.c.obj)
                0x0000000000007d18                _init_static_threads
 .text._init_thread_base
                0x0000000000007db0       0x10 kernel/libkernel.a(thread.c.obj)
                0x0000000000007db0                _init_thread_base
 .text.k_work_q_start
                0x0000000000007dc0       0x48 kernel/libkernel.a(work_q.c.obj)
                0x0000000000007dc0                k_work_q_start
 .text.elapsed  0x0000000000007e08       0x14 kernel/libkernel.a(timeout.c.obj)
 .text.next_timeout
                0x0000000000007e1c       0x50 kernel/libkernel.a(timeout.c.obj)
 .text.k_spin_lock.isra.2
                0x0000000000007e6c        0xe kernel/libkernel.a(timeout.c.obj)
 *fill*         0x0000000000007e7a        0x2 
 .text.remove_timeout
                0x0000000000007e7c       0x2c kernel/libkernel.a(timeout.c.obj)
 .text._add_timeout
                0x0000000000007ea8       0x78 kernel/libkernel.a(timeout.c.obj)
                0x0000000000007ea8                _add_timeout
 .text._abort_timeout
                0x0000000000007f20       0x22 kernel/libkernel.a(timeout.c.obj)
                0x0000000000007f20                _abort_timeout
 .text._get_next_timeout_expiry
                0x0000000000007f42       0x12 kernel/libkernel.a(timeout.c.obj)
                0x0000000000007f42                _get_next_timeout_expiry
 .text.z_set_timeout_expiry
                0x0000000000007f54       0x2a kernel/libkernel.a(timeout.c.obj)
                0x0000000000007f54                z_set_timeout_expiry
 *fill*         0x0000000000007f7e        0x2 
 .text.z_clock_announce
                0x0000000000007f80       0x94 kernel/libkernel.a(timeout.c.obj)
                0x0000000000007f80                z_clock_announce
 .text.z_tick_get
                0x0000000000008014       0x2c kernel/libkernel.a(timeout.c.obj)
                0x0000000000008014                z_tick_get
 .text.z_tick_get_32
                0x0000000000008040        0x8 kernel/libkernel.a(timeout.c.obj)
                0x0000000000008040                z_tick_get_32
 .text._impl_k_uptime_get_32
                0x0000000000008048       0x18 kernel/libkernel.a(timeout.c.obj)
                0x0000000000008048                _impl_k_uptime_get_32
 .text.clear_event_registrations
                0x0000000000008060       0x50 kernel/libkernel.a(poll.c.obj)
 .text.signal_poll_event
                0x00000000000080b0       0x58 kernel/libkernel.a(poll.c.obj)
 .text.add_event
                0x0000000000008108       0x5e kernel/libkernel.a(poll.c.obj)
 .text.k_poll_event_init
                0x0000000000008166       0x2a kernel/libkernel.a(poll.c.obj)
                0x0000000000008166                k_poll_event_init
 .text._impl_k_poll
                0x0000000000008190      0x118 kernel/libkernel.a(poll.c.obj)
                0x0000000000008190                _impl_k_poll
 .text._handle_obj_poll_events
                0x00000000000082a8       0x1e kernel/libkernel.a(poll.c.obj)
                0x00000000000082a8                _handle_obj_poll_events
 .text._OffsetAbsSyms
                0x00000000000082c6        0x2 CMakeFiles/offsets.dir/arch/arm/core/offsets/offsets.c.obj
                0x00000000000082c6                _OffsetAbsSyms
 *(.gnu.linkonce.t.*)
 *(.glue_7t)
 .glue_7t       0x00000000000082c8        0x0 linker stubs
 *(.glue_7)
 .glue_7        0x00000000000082c8        0x0 linker stubs
 *(.vfp11_veneer)
 .vfp11_veneer  0x00000000000082c8        0x0 linker stubs
 *(.v4_bx)
 .v4_bx         0x00000000000082c8        0x0 linker stubs
                0x00000000000082c8                _image_text_end = .

.ARM.extab
 *(.ARM.extab* .gnu.linkonce.armextab.*)

.ARM.exidx      0x00000000000082c8        0x8
                0x00000000000082c8                __exidx_start = .
 *(.ARM.exidx* gnu.linkonce.armexidx.*)
 .ARM.exidx     0x00000000000082c8        0x8 /home/lucas/Zephyr/zephyr-sdk/sysroots/armv5-zephyr-eabi/usr/lib/arm-zephyr-eabi/6.2.0/armv7e-m/libgcc.a(_udivmoddi4.o)
                0x00000000000082d0                __exidx_end = .
                0x00000000000082d0                _image_rodata_start = .

sw_isr_table    0x00000000000082d0      0x180
 *(.gnu.linkonce.sw_isr_table)
 .gnu.linkonce.sw_isr_table
                0x00000000000082d0      0x180 CMakeFiles/kernel_elf.dir/isr_tables.c.obj
                0x00000000000082d0                _sw_isr_table

ctors           0x0000000000008450        0x8
                0x0000000000008450                . = ALIGN (0x4)
                0x0000000000008450                __CTOR_LIST__ = .
                0x0000000000008450        0x4 LONG 0x0 (((__CTOR_END__ - __CTOR_LIST__) / 0x4) - 0x2)
 *(SORT(.ctors*))
                0x0000000000008454        0x4 LONG 0x0
                0x0000000000008458                __CTOR_END__ = .

init_array      0x0000000000008458        0x0
                0x0000000000008458                . = ALIGN (0x4)
                0x0000000000008458                __init_array_start = .
 *(SORT(.init_array*))
                0x0000000000008458                __init_array_end = .

devconfig       0x0000000000008458       0x84
                0x0000000000008458                __devconfig_start = .
 *(.devconfig.*)
 .devconfig.init
                0x0000000000008458        0xc libzephyr.a(soc.c.obj)
 .devconfig.init
                0x0000000000008464        0xc libzephyr.a(uart_console.c.obj)
 .devconfig.init
                0x0000000000008470       0x18 libzephyr.a(nrf_power_clock.c.obj)
 .devconfig.init
                0x0000000000008488        0xc libzephyr.a(sys_clock_init.c.obj)
 .devconfig.init
                0x0000000000008494        0xc arch/arm/core/cortex_m/mpu/libarch__arm__core__cortex_m__mpu.a(arm_mpu.c.obj)
 .devconfig.init
                0x00000000000084a0        0xc subsys/bluetooth/controller/libsubsys__bluetooth__controller.a(hci_driver.c.obj)
 .devconfig.init
                0x00000000000084ac        0xc drivers/serial/libdrivers__serial.a(uart_nrfx_uart.c.obj)
 .devconfig.init
                0x00000000000084b8        0xc drivers/entropy/libdrivers__entropy.a(entropy_nrf5.c.obj)
 .devconfig.init
                0x00000000000084c4        0xc kernel/libkernel.a(mempool.c.obj)
 .devconfig.init
                0x00000000000084d0        0xc kernel/libkernel.a(system_work_q.c.obj)
 *(SORT(.devconfig*))
                0x00000000000084dc                __devconfig_end = .

net_l2          0x00000000000084dc        0x0
                0x00000000000084dc                __net_l2_start = .
 *(.net_l2.init)
 *(SORT(.net_l2.init*))
                0x00000000000084dc                __net_l2_end = .

log_const_sections
                0x00000000000084dc        0x0
                0x00000000000084dc                __log_const_start = .
 *(SORT(.log_const_*))
                0x00000000000084dc                __log_const_end = .

log_backends_sections
                0x00000000000084dc        0x0
                0x00000000000084dc                __log_backends_start = .
 *(.log_backends)
                0x00000000000084dc                __log_backends_end = .

shell_root_cmds_sections
                0x00000000000084dc        0x0
                0x00000000000084dc                __shell_root_cmds_start = .
 *(SORT(.shell_root_cmd_*))
                0x00000000000084dc                __shell_root_cmds_end = .

font_entry_sections
                0x00000000000084dc        0x0
                0x00000000000084dc                __font_entry_start = .
 *(SORT(.font_entry.*))
                0x00000000000084dc                __font_entry_end = .

rodata          0x00000000000084dc      0x638
 *(.rodata)
 .rodata        0x00000000000084dc        0x6 subsys/bluetooth/host/libsubsys__bluetooth__host.a(hci_core.c.obj)
 *(.rodata.*)
 .rodata.main.str1.1
                0x00000000000084e2       0x29 ../app/libapp.a(main.cpp.obj)
                                         0x2e (size before relaxing)
 .rodata._ZN10MsgManager12handlePrefixEPKhS1_.str1.1
                0x000000000000850b       0x1d ../app/libapp.a(tc_msg_manager.cpp.obj)
 .rodata.str1.1
                0x0000000000008528       0x1d libzephyr.a(soc.c.obj)
                                          0x1 (size before relaxing)
 .rodata.mpu_config
                0x0000000000008528        0x8 libzephyr.a(mpu_regions.c.obj)
                0x0000000000008528                mpu_config
 .rodata.mpu_regions
                0x0000000000008530       0x18 libzephyr.a(mpu_regions.c.obj)
 .rodata.str1.1
                0x0000000000008548        0xf libzephyr.a(mpu_regions.c.obj)
 .rodata.sys_rand32_get.str1.1
                0x0000000000008557        0xa libzephyr.a(rand32_entropy_device.c.obj)
 .rodata.str1.1
                0x0000000000008561        0x1 libzephyr.a(uart_console.c.obj)
 .rodata.uart_console_init.str1.1
                0x0000000000008561        0x7 libzephyr.a(uart_console.c.obj)
 .rodata._k32src_clock_control_api
                0x0000000000008568        0xc libzephyr.a(nrf_power_clock.c.obj)
 .rodata._m16src_clock_control_api
                0x0000000000008574        0xc libzephyr.a(nrf_power_clock.c.obj)
 .rodata.str1.1
                0x0000000000008580       0x16 libzephyr.a(nrf_power_clock.c.obj)
 .rodata.str1.1
                0x0000000000008596        0xa libzephyr.a(sys_clock_init.c.obj)
 .rodata.z_clock_driver_init.str1.1
                0x00000000000085a0        0xb libzephyr.a(nrf_rtc_timer.c.obj)
 .rodata._BusFault.isra.3.str1.1
                0x00000000000085a0       0x7c arch/arm/core/libarch__arm__core.a(fault.c.obj)
 .rodata._Fault.str1.1
                0x000000000000861c       0xd3 arch/arm/core/libarch__arm__core.a(fault.c.obj)
 .rodata._MpuFault.isra.2.str1.1
                0x00000000000086ef       0xbd arch/arm/core/libarch__arm__core.a(fault.c.obj)
 .rodata._UsageFault.isra.5.str1.1
                0x00000000000087ac       0xd4 arch/arm/core/libarch__arm__core.a(fault.c.obj)
 .rodata._NanoFatalErrorHandler.str1.1
                0x0000000000008880       0xda arch/arm/core/libarch__arm__core.a(fatal.c.obj)
 .rodata._SysFatalErrorHandler.str1.1
                0x000000000000895a       0x5a arch/arm/core/libarch__arm__core.a(sys_fatal_error_handler.c.obj)
 .rodata.str1.1
                0x00000000000089b4        0x1 arch/arm/core/cortex_m/mpu/libarch__arm__core__cortex_m__mpu.a(arm_mpu.c.obj)
 .rodata.net_buf_fixed_alloc_hci_cmd_pool
                0x00000000000089b4        0x8 subsys/bluetooth/host/libsubsys__bluetooth__host.a(hci_core.c.obj)
 .rodata.net_buf_fixed_alloc_hci_rx_pool
                0x00000000000089bc        0x8 subsys/bluetooth/host/libsubsys__bluetooth__host.a(hci_core.c.obj)
 .rodata.net_buf_fixed_hci_cmd_pool
                0x00000000000089c4        0x8 subsys/bluetooth/host/libsubsys__bluetooth__host.a(hci_core.c.obj)
 .rodata.net_buf_fixed_hci_rx_pool
                0x00000000000089cc        0x8 subsys/bluetooth/host/libsubsys__bluetooth__host.a(hci_core.c.obj)
 .rodata.drv    0x00000000000089d4       0x14 subsys/bluetooth/controller/libsubsys__bluetooth__controller.a(hci_driver.c.obj)
 .rodata.hci_driver_open.str1.1
                0x00000000000089e8       0x10 subsys/bluetooth/controller/libsubsys__bluetooth__controller.a(hci_driver.c.obj)
 .rodata.str1.1
                0x00000000000089f8        0xb subsys/bluetooth/controller/libsubsys__bluetooth__controller.a(hci_driver.c.obj)
                                          0xc (size before relaxing)
 .rodata.hci_cmd_handle.str1.1
                0x0000000000008a03       0x13 subsys/bluetooth/controller/libsubsys__bluetooth__controller.a(hci.c.obj)
 .rodata.hci_evt_encode.str1.1
                0x0000000000008a16       0x4c subsys/bluetooth/controller/libsubsys__bluetooth__controller.a(hci.c.obj)
 .rodata.radio_adv_enable.str1.1
                0x0000000000008a62        0xb subsys/bluetooth/controller/libsubsys__bluetooth__controller.a(ctrl.c.obj)
 .rodata.ll_init.str1.1
                0x0000000000008a62       0x20 subsys/bluetooth/controller/libsubsys__bluetooth__controller.a(ll.c.obj)
 .rodata.caller_id_lut
                0x0000000000008a62        0x4 subsys/bluetooth/controller/libsubsys__bluetooth__controller.a(ticker.c.obj)
 *fill*         0x0000000000008a66        0x2 
 .rodata.net_buf_fixed_cb
                0x0000000000008a68        0xc subsys/net/libsubsys__net.a(buf.c.obj)
                0x0000000000008a68                net_buf_fixed_cb
 .rodata.str1.1
                0x0000000000008a74        0x7 drivers/serial/libdrivers__serial.a(uart_nrfx_uart.c.obj)
 .rodata.uart_nrfx_uart0_config
                0x0000000000008a74        0x1 drivers/serial/libdrivers__serial.a(uart_nrfx_uart.c.obj)
 *fill*         0x0000000000008a75        0x3 
 .rodata.uart_nrfx_uart_driver_api
                0x0000000000008a78       0x14 drivers/serial/libdrivers__serial.a(uart_nrfx_uart.c.obj)
 .rodata.entropy_nrf5_api_funcs
                0x0000000000008a8c        0x8 drivers/entropy/libdrivers__entropy.a(entropy_nrf5.c.obj)
 .rodata.str1.1
                0x0000000000008a94        0xa drivers/entropy/libdrivers__entropy.a(entropy_nrf5.c.obj)
 .rodata.config_levels.9347
                0x0000000000008a94       0x14 kernel/libkernel.a(device.c.obj)
 .rodata._k_neg_eagain
                0x0000000000008aa8        0x4 kernel/libkernel.a(errno.c.obj)
                0x0000000000008aa8                _k_neg_eagain
 .rodata._Cstart.str1.1
                0x0000000000008aac        0xa kernel/libkernel.a(init.c.obj)
 *fill*         0x0000000000008ab6        0x2 
 .rodata._idle_thread
                0x0000000000008ab8        0x4 kernel/libkernel.a(init.c.obj)
                0x0000000000008ab8                _idle_thread
 .rodata.bg_thread_main.str1.1
                0x0000000000008abc       0x3f kernel/libkernel.a(init.c.obj)
 .rodata.str1.1
                0x0000000000008afb        0x1 kernel/libkernel.a(mempool.c.obj)
 .rodata.k_sys_work_q_init.str1.1
                0x0000000000008afb        0x9 kernel/libkernel.a(system_work_q.c.obj)
 .rodata.str1.1
                0x0000000000008b04        0x1 kernel/libkernel.a(system_work_q.c.obj)
 .rodata.k_work_q_start.str1.1
                0x0000000000008b04        0xa kernel/libkernel.a(work_q.c.obj)
 .rodata.CSWTCH.48
                0x0000000000008b0e        0x4 kernel/libkernel.a(poll.c.obj)
 *(.gnu.linkonce.r.*)
                0x0000000000008b14                . = ALIGN (0x4)
 *fill*         0x0000000000008b12        0x2 
                0x0000000000008b14                _image_rodata_end = .
                0x0000000000008b14                _image_rom_end = .
                0x0000000020000000                . = 0x20000000
                0x0000000020000000                . = ALIGN (_region_min_align)
                0x0000000020000000                _image_ram_start = .

bss             0x0000000020000000      0xec0
                0x0000000020000000                . = ALIGN (0x4)
                0x0000000020000000                __bss_start = .
                0x0000000020000000                __kernel_ram_start = .
 *(.bss)
 .bss           0x0000000020000000       0x10 /home/lucas/Zephyr/zephyr-sdk/sysroots/armv5-zephyr-eabi/usr/lib/arm-zephyr-eabi/6.2.0/armv7e-m/libgcc.a(_ctors.o)
                0x0000000020000000                __DTOR_LIST__
 *(.bss.*)
 .bss._ZN10MsgManager10m_instanceE
                0x0000000020000010        0xa ../app/libapp.a(tc_msg_manager.cpp.obj)
                0x0000000020000010                MsgManager::m_instance
 *fill*         0x000000002000001a        0x2 
 .bss.entropy_driver
                0x000000002000001c        0x4 libzephyr.a(rand32_entropy_device.c.obj)
 .bss.uart_console_dev
                0x0000000020000020        0x4 libzephyr.a(uart_console.c.obj)
 .bss.k32src_initialized
                0x0000000020000024        0x1 libzephyr.a(nrf_power_clock.c.obj)
 .bss.m16src_grd
                0x0000000020000025        0x1 libzephyr.a(nrf_power_clock.c.obj)
 .bss.m16src_ref
                0x0000000020000026        0x1 libzephyr.a(nrf_power_clock.c.obj)
 *fill*         0x0000000020000027        0x1 
 .bss.last_count
                0x0000000020000028        0x4 libzephyr.a(nrf_rtc_timer.c.obj)
 .bss.cmd_data  0x000000002000002c       0x10 subsys/bluetooth/host/libsubsys__bluetooth__host.a(hci_core.c.obj)
 .bss.ready_cb  0x000000002000003c        0x4 subsys/bluetooth/host/libsubsys__bluetooth__host.a(hci_core.c.obj)
 .bss.mfl       0x0000000020000040       0x80 subsys/bluetooth/controller/libsubsys__bluetooth__controller.a(mayfly.c.obj)
 .bss.mfp       0x00000000200000c0        0x4 subsys/bluetooth/controller/libsubsys__bluetooth__controller.a(mayfly.c.obj)
 .bss.mft       0x00000000200000c4       0xc0 subsys/bluetooth/controller/libsubsys__bluetooth__controller.a(mayfly.c.obj)
 .bss._instance
                0x0000000020000184       0x2c subsys/bluetooth/controller/libsubsys__bluetooth__controller.a(ticker.c.obj)
 .bss.pub_addr  0x00000000200001b0        0x6 subsys/bluetooth/controller/libsubsys__bluetooth__controller.a(ll_addr.c.obj)
 .bss.rnd_addr  0x00000000200001b6        0x6 subsys/bluetooth/controller/libsubsys__bluetooth__controller.a(ll_addr.c.obj)
 .bss.prio_recv_thread_data
                0x00000000200001bc       0x6c subsys/bluetooth/controller/libsubsys__bluetooth__controller.a(hci_driver.c.obj)
                0x00000000200001bc                prio_recv_thread_data
 .bss.recv_thread_data
                0x0000000020000228       0x6c subsys/bluetooth/controller/libsubsys__bluetooth__controller.a(hci_driver.c.obj)
                0x0000000020000228                recv_thread_data
 .bss._opcode   0x0000000020000294        0x2 subsys/bluetooth/controller/libsubsys__bluetooth__controller.a(hci.c.obj)
 *fill*         0x0000000020000296        0x2 
 .bss._radio    0x0000000020000298      0x184 subsys/bluetooth/controller/libsubsys__bluetooth__controller.a(ctrl.c.obj)
 .bss.done.12592
                0x000000002000041c        0x1 subsys/bluetooth/controller/libsubsys__bluetooth__controller.a(ctrl.c.obj)
 *fill*         0x000000002000041d        0x3 
 .bss.link_inact.12900
                0x0000000020000420        0x8 subsys/bluetooth/controller/libsubsys__bluetooth__controller.a(ctrl.c.obj)
 .bss.link_radio.12919
                0x0000000020000428        0x8 subsys/bluetooth/controller/libsubsys__bluetooth__controller.a(ctrl.c.obj)
 .bss.link_xtal.12906
                0x0000000020000430        0x8 subsys/bluetooth/controller/libsubsys__bluetooth__controller.a(ctrl.c.obj)
 .bss.s_active.12544
                0x0000000020000438        0x1 subsys/bluetooth/controller/libsubsys__bluetooth__controller.a(ctrl.c.obj)
 *fill*         0x0000000020000439        0x3 
 .bss.s_link.12553
                0x000000002000043c        0x8 subsys/bluetooth/controller/libsubsys__bluetooth__controller.a(ctrl.c.obj)
 .bss.s_link.12567
                0x0000000020000444        0x8 subsys/bluetooth/controller/libsubsys__bluetooth__controller.a(ctrl.c.obj)
 .bss.s_link.12581
                0x000000002000044c        0x8 subsys/bluetooth/controller/libsubsys__bluetooth__controller.a(ctrl.c.obj)
 .bss.s_link.12610
                0x0000000020000454       0x10 subsys/bluetooth/controller/libsubsys__bluetooth__controller.a(ctrl.c.obj)
 .bss.s_link.12715
                0x0000000020000464        0x8 subsys/bluetooth/controller/libsubsys__bluetooth__controller.a(ctrl.c.obj)
 .bss.s_link.12742
                0x000000002000046c        0x8 subsys/bluetooth/controller/libsubsys__bluetooth__controller.a(ctrl.c.obj)
 .bss.s_xtal_retained.12603
                0x0000000020000474        0x1 subsys/bluetooth/controller/libsubsys__bluetooth__controller.a(ctrl.c.obj)
 *fill*         0x0000000020000475        0x3 
 .bss._radio    0x0000000020000478      0x224 subsys/bluetooth/controller/libsubsys__bluetooth__controller.a(ll.c.obj)
 .bss._ticker_nodes
                0x000000002000069c      0x118 subsys/bluetooth/controller/libsubsys__bluetooth__controller.a(ll.c.obj)
 .bss._ticker_user_ops
                0x00000000200007b4      0x270 subsys/bluetooth/controller/libsubsys__bluetooth__controller.a(ll.c.obj)
 .bss._ticker_users
                0x0000000020000a24       0x20 subsys/bluetooth/controller/libsubsys__bluetooth__controller.a(ll.c.obj)
 .bss.sem_recv  0x0000000020000a44        0x4 subsys/bluetooth/controller/libsubsys__bluetooth__controller.a(ll.c.obj)
 .bss.ll_adv    0x0000000020000a48        0x8 subsys/bluetooth/controller/libsubsys__bluetooth__controller.a(ll_adv.c.obj)
 .bss.wl_anon   0x0000000020000a50        0x1 subsys/bluetooth/controller/libsubsys__bluetooth__controller.a(ll_filter.c.obj)
                0x0000000020000a50                wl_anon
 .bss.wl_filter
                0x0000000020000a51       0x32 subsys/bluetooth/controller/libsubsys__bluetooth__controller.a(ll_filter.c.obj)
 .bss._refcount
                0x0000000020000a83        0x1 subsys/bluetooth/controller/libsubsys__bluetooth__controller.a(cntr.c.obj)
 .bss._ccm_scratch
                0x0000000020000a84      0x10b subsys/bluetooth/controller/libsubsys__bluetooth__controller.a(radio.c.obj)
 *fill*         0x0000000020000b8f        0x1 
 .bss._pkt_scratch
                0x0000000020000b90      0x102 subsys/bluetooth/controller/libsubsys__bluetooth__controller.a(radio.c.obj)
 *fill*         0x0000000020000c92        0x2 
 .bss.isr_cb    0x0000000020000c94        0x4 subsys/bluetooth/controller/libsubsys__bluetooth__controller.a(radio.c.obj)
 .bss.isr_cb_param
                0x0000000020000c98        0x4 subsys/bluetooth/controller/libsubsys__bluetooth__controller.a(radio.c.obj)
 .bss.sw_tifs_toggle
                0x0000000020000c9c        0x1 subsys/bluetooth/controller/libsubsys__bluetooth__controller.a(radio.c.obj)
 *fill*         0x0000000020000c9d        0x3 
 .bss.link.10868
                0x0000000020000ca0        0x8 subsys/bluetooth/controller/libsubsys__bluetooth__controller.a(ticker.c.obj)
 .bss.link.10877
                0x0000000020000ca8        0x8 subsys/bluetooth/controller/libsubsys__bluetooth__controller.a(ticker.c.obj)
 .bss.link.10884
                0x0000000020000cb0        0x8 subsys/bluetooth/controller/libsubsys__bluetooth__controller.a(ticker.c.obj)
 .bss.link.10888
                0x0000000020000cb8        0x8 subsys/bluetooth/controller/libsubsys__bluetooth__controller.a(ticker.c.obj)
 .bss.link.10894
                0x0000000020000cc0        0x8 subsys/bluetooth/controller/libsubsys__bluetooth__controller.a(ticker.c.obj)
 .bss.entropy_nrf5_data
                0x0000000020000cc8       0x54 drivers/entropy/libdrivers__entropy.a(entropy_nrf5.c.obj)
 .bss._idle_thread_s
                0x0000000020000d1c       0x6c kernel/libkernel.a(init.c.obj)
 .bss._main_thread_s
                0x0000000020000d88       0x6c kernel/libkernel.a(init.c.obj)
 .bss._kernel   0x0000000020000df4       0x30 kernel/libkernel.a(sched.c.obj)
                0x0000000020000df4                _kernel
 .bss.pending_current
                0x0000000020000e24        0x4 kernel/libkernel.a(sched.c.obj)
 .bss.slice_max_prio
                0x0000000020000e28        0x4 kernel/libkernel.a(sched.c.obj)
 .bss.slice_time
                0x0000000020000e2c        0x4 kernel/libkernel.a(sched.c.obj)
 .bss.k_sys_work_q
                0x0000000020000e30       0x7c kernel/libkernel.a(system_work_q.c.obj)
                0x0000000020000e30                k_sys_work_q
 .bss.announce_remaining
                0x0000000020000eac        0x4 kernel/libkernel.a(timeout.c.obj)
 .bss.can_wait_forever
                0x0000000020000eb0        0x1 kernel/libkernel.a(timeout.c.obj)
 *fill*         0x0000000020000eb1        0x7 
 .bss.curr_tick
                0x0000000020000eb8        0x8 kernel/libkernel.a(timeout.c.obj)
 *(COMMON)
 *(.kernel_bss.*)
                0x0000000020000ec0                __bss_end = ALIGN (0x4)

noinit          0x0000000020000ec0     0x18f8
 *(.noinit)
 *(.noinit.*)
 .noinit."/home/lucas/Zephyr/zephyr-1-13-99/subsys/bluetooth/host/hci_core.c".1
                0x0000000020000ec0       0x30 subsys/bluetooth/host/libsubsys__bluetooth__host.a(hci_core.c.obj)
 .noinit."/home/lucas/Zephyr/zephyr-1-13-99/subsys/bluetooth/host/hci_core.c".2
                0x0000000020000ef0       0x98 subsys/bluetooth/host/libsubsys__bluetooth__host.a(hci_core.c.obj)
 .noinit."/home/lucas/Zephyr/zephyr-1-13-99/subsys/bluetooth/host/hci_core.c".3
                0x0000000020000f88       0x48 subsys/bluetooth/host/libsubsys__bluetooth__host.a(hci_core.c.obj)
 .noinit."/home/lucas/Zephyr/zephyr-1-13-99/subsys/bluetooth/host/hci_core.c".4
                0x0000000020000fd0       0xe4 subsys/bluetooth/host/libsubsys__bluetooth__host.a(hci_core.c.obj)
 *fill*         0x00000000200010b4        0x4 
 .noinit."/home/lucas/Zephyr/zephyr-1-13-99/subsys/bluetooth/controller/hci/hci_driver.c".0
                0x00000000200010b8      0x1c0 subsys/bluetooth/controller/libsubsys__bluetooth__controller.a(hci_driver.c.obj)
 .noinit."/home/lucas/Zephyr/zephyr-1-13-99/subsys/bluetooth/controller/hci/hci_driver.c".1